Component: ARM Compiler 5.05 update 1 (build 106) Tool: armlink [4d0efa]

==============================================================================

Section Cross References

    main.o(i.float_task) refers to _printf_percent.o(.ARM.Collect$$_printf_percent$$00000000) for _printf_percent
    main.o(i.float_task) refers to _printf_f.o(.ARM.Collect$$_printf_percent$$00000003) for _printf_f
    main.o(i.float_task) refers to printf1.o(x$fpl$printf1) for _printf_fp_dec
    main.o(i.float_task) refers to faddsub_clz.o(x$fpl$fadd) for __aeabi_fadd
    main.o(i.float_task) refers to cpu_a.o(.text) for CPU_SR_Save
    main.o(i.float_task) refers to cpu_core.o(i.CPU_IntDisMeasStart) for CPU_IntDisMeasStart
    main.o(i.float_task) refers to os_core.o(i.OS_SchedLockTimeMeasStart) for OS_SchedLockTimeMeasStart
    main.o(i.float_task) refers to cpu_core.o(i.CPU_IntDisMeasStop) for CPU_IntDisMeasStop
    main.o(i.float_task) refers to f2d.o(x$fpl$f2d) for __aeabi_f2d
    main.o(i.float_task) refers to noretval__2printf.o(.text) for __2printf
    main.o(i.float_task) refers to os_core.o(i.OS_SchedLockTimeMeasStop) for OS_SchedLockTimeMeasStop
    main.o(i.float_task) refers to os_core.o(i.OS_Sched0) for OS_Sched0
    main.o(i.float_task) refers to delay.o(i.delay_ms) for delay_ms
    main.o(i.float_task) refers to main.o(.data) for float_num
    main.o(i.float_task) refers to os_var.o(.data) for OSSchedLockNestingCtr
    main.o(i.led0_task) refers to os_time.o(i.OSTimeDlyHMSM) for OSTimeDlyHMSM
    main.o(i.led1_task) refers to os_time.o(i.OSTimeDlyHMSM) for OSTimeDlyHMSM
    main.o(i.main) refers to delay.o(i.delay_init) for delay_init
    main.o(i.main) refers to misc.o(i.NVIC_PriorityGroupConfig) for NVIC_PriorityGroupConfig
    main.o(i.main) refers to usart.o(i.uart_init) for uart_init
    main.o(i.main) refers to led.o(i.Led_Init) for Led_Init
    main.o(i.main) refers to os_core.o(i.OSInit) for OSInit
    main.o(i.main) refers to cpu_a.o(.text) for CPU_SR_Save
    main.o(i.main) refers to cpu_core.o(i.CPU_IntDisMeasStart) for CPU_IntDisMeasStart
    main.o(i.main) refers to os_core.o(i.OS_SchedLockTimeMeasStart) for OS_SchedLockTimeMeasStart
    main.o(i.main) refers to cpu_core.o(i.CPU_IntDisMeasStop) for CPU_IntDisMeasStop
    main.o(i.main) refers to os_task.o(i.OSTaskCreate) for OSTaskCreate
    main.o(i.main) refers to os_core.o(i.OS_SchedLockTimeMeasStop) for OS_SchedLockTimeMeasStop
    main.o(i.main) refers to os_core.o(i.OS_Sched0) for OS_Sched0
    main.o(i.main) refers to os_core.o(i.OSStart) for OSStart
    main.o(i.main) refers to os_var.o(.data) for OSSchedLockNestingCtr
    main.o(i.main) refers to main.o(.bss) for START_TASK_STK
    main.o(i.main) refers to main.o(i.start_task) for start_task
    main.o(i.start_task) refers to cpu_core.o(i.CPU_Init) for CPU_Init
    main.o(i.start_task) refers to os_stat.o(i.OSStatTaskCPUUsageInit) for OSStatTaskCPUUsageInit
    main.o(i.start_task) refers to cpu_core.o(i.CPU_IntDisMeasMaxCurReset) for CPU_IntDisMeasMaxCurReset
    main.o(i.start_task) refers to os_core.o(i.OSSchedRoundRobinCfg) for OSSchedRoundRobinCfg
    main.o(i.start_task) refers to cpu_a.o(.text) for CPU_SR_Save
    main.o(i.start_task) refers to cpu_core.o(i.CPU_IntDisMeasStart) for CPU_IntDisMeasStart
    main.o(i.start_task) refers to os_core.o(i.OS_SchedLockTimeMeasStart) for OS_SchedLockTimeMeasStart
    main.o(i.start_task) refers to cpu_core.o(i.CPU_IntDisMeasStop) for CPU_IntDisMeasStop
    main.o(i.start_task) refers to os_task.o(i.OSTaskCreate) for OSTaskCreate
    main.o(i.start_task) refers to os_task.o(i.OS_TaskSuspend) for OS_TaskSuspend
    main.o(i.start_task) refers to os_core.o(i.OS_SchedLockTimeMeasStop) for OS_SchedLockTimeMeasStop
    main.o(i.start_task) refers to os_core.o(i.OS_Sched0) for OS_Sched0
    main.o(i.start_task) refers to os_var.o(.data) for OSSchedLockNestingCtr
    main.o(i.start_task) refers to main.o(.bss) for LED0_TASK_STK
    main.o(i.start_task) refers to main.o(i.led0_task) for led0_task
    main.o(i.start_task) refers to main.o(i.led1_task) for led1_task
    main.o(i.start_task) refers to main.o(i.float_task) for float_task
    system_stm32f10x.o(i.SetSysClock) refers to system_stm32f10x.o(i.SetSysClockTo72) for SetSysClockTo72
    system_stm32f10x.o(i.SystemCoreClockUpdate) refers to system_stm32f10x.o(.data) for SystemCoreClock
    system_stm32f10x.o(i.SystemInit) refers to system_stm32f10x.o(i.SetSysClock) for SetSysClock
    startup_stm32f10x_hd.o(STACK) refers (Special) to heapauxi.o(.text) for __use_two_region_memory
    startup_stm32f10x_hd.o(HEAP) refers (Special) to heapauxi.o(.text) for __use_two_region_memory
    startup_stm32f10x_hd.o(RESET) refers (Special) to heapauxi.o(.text) for __use_two_region_memory
    startup_stm32f10x_hd.o(RESET) refers to startup_stm32f10x_hd.o(STACK) for __initial_sp
[...]
    .data                                    0x20000018   Section       20  stm32f10x_rcc.o(.data)
    APBAHBPrescTable                         0x20000018   Data          16  stm32f10x_rcc.o(.data)
    ADCPrescTable                            0x20000028   Data           4  stm32f10x_rcc.o(.data)
    .data                                    0x2000002c   Section        4  delay.o(.data)
    fac_us                                   0x2000002c   Data           1  delay.o(.data)
    fac_ms                                   0x2000002e   Data           2  delay.o(.data)
    .data                                    0x20000030   Section        6  usart.o(.data)
    .data                                    0x20000038   Section       28  cpu_core.o(.data)
    .data                                    0x20000054   Section        4  os_cpu_c.o(.data)
    .data                                    0x20000058   Section        4  os_prio.o(.data)
    .data                                    0x2000005c   Section      208  os_var.o(.data)
    .bss                                     0x20000130   Section     4384  main.o(.bss)
    .bss                                     0x20001250   Section      200  usart.o(.bss)
    .bss                                     0x20001318   Section       16  cpu_core.o(.bss)
    .bss                                     0x20001328   Section     5264  os_cfg_app.o(.bss)
    .bss                                     0x200027b8   Section     1396  os_var.o(.bss)
    .bss                                     0x20002d2c   Section       96  libspace.o(.bss)
    HEAP                                     0x20002d90   Section      512  startup_stm32f10x_hd.o(HEAP)
    Heap_Mem                                 0x20002d90   Data         512  startup_stm32f10x_hd.o(HEAP)
    STACK                                    0x20002f90   Section     1024  startup_stm32f10x_hd.o(STACK)
    Stack_Mem                                0x20002f90   Data        1024  startup_stm32f10x_hd.o(STACK)
    __initial_sp                             0x20003390   Data           0  startup_stm32f10x_hd.o(STACK)

    Global Symbols

    Symbol Name                              Value     Ov Type        Size  Object(Section)

    BuildAttributes$$THM_ISAv4$P$D$K$B$S$PE$A:L22UL41UL21$X:L11$S22US41US21$IEEE1$IW$USESV6$~STKCKD$USESV7$~SHL$OTIME$ROPI$IEEEJ$EBA8$UX$STANDARDLIB$REQ8$PRES8$EABIv2 0x00000000   Number         0  anon$$obj.o ABSOLUTE
    __ARM_use_no_argv                        0x00000000   Number         0  main.o ABSOLUTE
    _printf_flags                            0x00000000   Number         0  printf_stubs.o ABSOLUTE
    _printf_return_value                     0x00000000   Number         0  printf_stubs.o ABSOLUTE
    _printf_sizespec                         0x00000000   Number         0  printf_stubs.o ABSOLUTE
    _printf_widthprec                        0x00000000   Number         0  printf_stubs.o ABSOLUTE
    __ARM_exceptions_init                     - Undefined Weak Reference
    __alloca_initialize                       - Undefined Weak Reference
    __arm_preinit_                            - Undefined Weak Reference
    __cpp_initialize__aeabi_                  - Undefined Weak Reference
    __cxa_finalize                            - Undefined Weak Reference
    __sigvec_lookup                           - Undefined Weak Reference
    _atexit_init                              - Undefined Weak Reference
    _call_atexit_fns                          - Undefined Weak Reference
    _clock_init                               - Undefined Weak Reference
    _fp_trap_init                             - Undefined Weak Reference
    _fp_trap_shutdown                         - Undefined Weak Reference
    _get_lc_collate                           - Undefined Weak Reference
    _get_lc_ctype                             - Undefined Weak Reference
    _get_lc_monetary                          - Undefined Weak Reference
    _get_lc_time                              - Undefined Weak Reference
    _getenv_init                              - Undefined Weak Reference
    _handle_redirection                       - Undefined Weak Reference
    _init_alloc                               - Undefined Weak Reference
    _init_user_alloc                          - Undefined Weak Reference
    _initio                                   - Undefined Weak Reference
    _mutex_acquire                            - Undefined Weak Reference
    _mutex_release                            - Undefined Weak Reference
    _printf_post_padding                      - Undefined Weak Reference
    _printf_pre_padding                       - Undefined Weak Reference
    _rand_init                                - Undefined Weak Reference
    _signal_finish                            - Undefined Weak Reference
    _signal_init                              - Undefined Weak Reference
    _terminate_alloc                          - Undefined Weak Reference
    _terminate_user_alloc                     - Undefined Weak Reference
    _terminateio                              - Undefined Weak Reference
    __Vectors_Size                           0x00000130   Number         0  startup_stm32f10x_hd.o ABSOLUTE
    __Vectors                                0x08000000   Data           4  startup_stm32f10x_hd.o(RESET)
    __Vectors_End                            0x08000130   Data           0  startup_stm32f10x_hd.o(RESET)
    __main                                   0x08000131   Thumb Code     8  __main.o(!!!main)
    __scatterload                            0x08000139   Thumb Code     0  __scatter.o(!!!scatter)
    __scatterload_rt2                        0x08000139   Thumb Code    44  __scatter.o(!!!scatter)
    __scatterload_rt2_thumb_only             0x08000139   Thumb Code     0  __scatter.o(!!!scatter)
    __scatterload_null                       0x08000147   Thumb Code     0  __scatter.o(!!!scatter)
    __decompress                             0x0800016d   Thumb Code    90  __dczerorl2.o(!!dczerorl2)
    __decompress1                            0x0800016d   Thumb Code     0  __dczerorl2.o(!!dczerorl2)
    __scatterload_zeroinit                   0x080001c9   Thumb Code    28  __scatter_zi.o(!!handler_zi)
    _printf_f                                0x080001e5   Thumb Code     0  _printf_f.o(.ARM.Collect$$_printf_percent$$00000003)
    _printf_percent                          0x080001e5   Thumb Code     0  _printf_percent.o(.ARM.Collect$$_printf_percent$$00000000)
    _printf_percent_end                      0x080001eb   Thumb Code     0  _printf_percent_end.o(.ARM.Collect$$_printf_percent$$00000017)
    __rt_lib_init                            0x080001ef   Thumb Code     0  libinit.o(.ARM.Collect$$libinit$$00000000)
    __rt_lib_init_fp_1                       0x080001f1   Thumb Code     0  libinit2.o(.ARM.Collect$$libinit$$00000002)
    __rt_lib_init_heap_1                     0x080001f1   Thumb Code     0  libinit2.o(.ARM.Collect$$libinit$$0000000A)
    __rt_lib_init_lc_common                  0x080001f1   Thumb Code     0  libinit2.o(.ARM.Collect$$libinit$$0000000F)
    __rt_lib_init_preinit_1                  0x080001f1   Thumb Code     0  libinit2.o(.ARM.Collect$$libinit$$00000004)
    __rt_lib_init_rand_1                     0x080001f1   Thumb Code     0  libinit2.o(.ARM.Collect$$libinit$$0000000E)
    __rt_lib_init_user_alloc_1               0x080001f1   Thumb Code     0  libinit2.o(.ARM.Collect$$libinit$$0000000C)
    __rt_lib_init_lc_collate_1               0x080001f7   Thumb Code     0  libinit2.o(.ARM.Collect$$libinit$$00000011)
    __rt_lib_init_lc_ctype_1                 0x080001f7   Thumb Code     0  libinit2.o(.ARM.Collect$$libinit$$00000013)
    __rt_lib_init_lc_monetary_1              0x080001f7   Thumb Code     0  libinit2.o(.ARM.Collect$$libinit$$00000015)
    __rt_lib_init_lc_numeric_2               0x080001f7   Thumb Code     0  libinit2.o(.ARM.Collect$$libinit$$00000016)
    __rt_lib_init_alloca_1                   0x08000201   Thumb Code     0  libinit2.o(.ARM.Collect$$libinit$$0000002E)
    __rt_lib_init_argv_1                     0x08000201   Thumb Code     0  libinit2.o(.ARM.Collect$$libinit$$0000002C)
    __rt_lib_init_atexit_1                   0x08000201   Thumb Code     0  libinit2.o(.ARM.Collect$$libinit$$0000001B)
    __rt_lib_init_clock_1                    0x08000201   Thumb Code     0  libinit2.o(.ARM.Collect$$libinit$$00000021)
    __rt_lib_init_cpp_1                      0x08000201   Thumb Code     0  libinit2.o(.ARM.Collect$$libinit$$00000032)
    __rt_lib_init_exceptions_1               0x08000201   Thumb Code     0  libinit2.o(.ARM.Collect$$libinit$$00000030)
    __rt_lib_init_fp_trap_1                  0x08000201   Thumb Code     0  libinit2.o(.ARM.Collect$$libinit$$0000001F)
    __rt_lib_init_getenv_1                   0x08000201   Thumb Code     0  libinit2.o(.ARM.Collect$$libinit$$00000023)
    __rt_lib_init_lc_numeric_1               0x08000201   Thumb Code     0  libinit2.o(.ARM.Collect$$libinit$$00000017)
    __rt_lib_init_lc_time_1                  0x08000201   Thumb Code     0  libinit2.o(.ARM.Collect$$libinit$$00000019)
    __rt_lib_init_return                     0x08000201   Thumb Code     0  libinit2.o(.ARM.Collect$$libinit$$00000033)
    __rt_lib_init_signal_1                   0x08000201   Thumb Code     0  libinit2.o(.ARM.Collect$$libinit$$0000001D)
    __rt_lib_init_stdio_1                    0x08000201   Thumb Code     0  libinit2.o(.ARM.Collect$$libinit$$00000025)
    __rt_lib_shutdown                        0x08000203   Thumb Code     0  libshutdown.o(.ARM.Collect$$libshutdown$$00000000)
    __rt_lib_shutdown_fp_trap_1              0x08000205   Thumb Code     0  libshutdown2.o(.ARM.Collect$$libshutdown$$00000006)
    __rt_lib_shutdown_heap_1                 0x08000205   Thumb Code     0  libshutdown2.o(.ARM.Collect$$libshutdown$$0000000E)
    __rt_lib_shutdown_return                 0x08000205   Thumb Code     0  libshutdown2.o(.ARM.Collect$$libshutdown$$0000000F)
    __rt_lib_shutdown_signal_1               0x08000205   Thumb Code     0  libshutdown2.o(.ARM.Collect$$libshutdown$$00000009)
    __rt_lib_shutdown_stdio_1                0x08000205   Thumb Code     0  libshutdown2.o(.ARM.Collect$$libshutdown$$00000003)
    __rt_lib_shutdown_user_alloc_1           0x08000205   Thumb Code     0  libshutdown2.o(.ARM.Collect$$libshutdown$$0000000B)
    __rt_entry                               0x08000207   Thumb Code     0  __rtentry.o(.ARM.Collect$$rtentry$$00000000)
    __rt_entry_presh_1                       0x08000207   Thumb Code     0  __rtentry2.o(.ARM.Collect$$rtentry$$00000002)
    __rt_entry_sh                            0x08000207   Thumb Code     0  __rtentry4.o(.ARM.Collect$$rtentry$$00000004)
    __rt_entry_li                            0x0800020d   Thumb Code     0  __rtentry2.o(.ARM.Collect$$rtentry$$0000000A)
    __rt_entry_postsh_1                      0x0800020d   Thumb Code     0  __rtentry2.o(.ARM.Collect$$rtentry$$00000009)
    __rt_entry_main                          0x08000211   Thumb Code     0  __rtentry2.o(.ARM.Collect$$rtentry$$0000000D)
    __rt_entry_postli_1                      0x08000211   Thumb Code     0  __rtentry2.o(.ARM.Collect$$rtentry$$0000000C)
    __rt_exit                                0x08000219   Thumb Code     0  rtexit.o(.ARM.Collect$$rtexit$$00000000)
    __rt_exit_ls                             0x0800021b   Thumb Code     0  rtexit2.o(.ARM.Collect$$rtexit$$00000003)
    __rt_exit_prels_1                        0x0800021b   Thumb Code     0  rtexit2.o(.ARM.Collect$$rtexit$$00000002)
    __rt_exit_exit                           0x0800021f   Thumb Code     0  rtexit2.o(.ARM.Collect$$rtexit$$00000004)
    Reset_Handler                            0x08000225   Thumb Code     8  startup_stm32f10x_hd.o(.text)
    ADC1_2_IRQHandler                        0x0800023f   Thumb Code     0  startup_stm32f10x_hd.o(.text)
    ADC3_IRQHandler                          0x0800023f   Thumb Code     0  startup_stm32f10x_hd.o(.text)
    CAN1_RX1_IRQHandler                      0x0800023f   Thumb Code     0  startup_stm32f10x_hd.o(.text)
    CAN1_SCE_IRQHandler                      0x0800023f   Thumb Code     0  startup_stm32f10x_hd.o(.text)
    DMA1_Channel1_IRQHandler                 0x0800023f   Thumb Code     0  startup_stm32f10x_hd.o(.text)
    DMA1_Channel2_IRQHandler                 0x0800023f   Thumb Code     0  startup_stm32f10x_hd.o(.text)
    DMA1_Channel3_IRQHandler                 0x0800023f   Thumb Code     0  startup_stm32f10x_hd.o(.text)
    DMA1_Channel4_IRQHandler                 0x0800023f   Thumb Code     0  startup_stm32f10x_hd.o(.text)
    DMA1_Channel5_IRQHandler                 0x0800023f   Thumb Code     0  startup_stm32f10x_hd.o(.text)
    DMA1_Channel6_IRQHandler                 0x0800023f   Thumb Code     0  startup_stm32f10x_hd.o(.text)
    DMA1_Channel7_IRQHandler                 0x0800023f   Thumb Code     0  startup_stm32f10x_hd.o(.text)
    DMA2_Channel1_IRQHandler                 0x0800023f   Thumb Code     0  startup_stm32f10x_hd.o(.text)
    DMA2_Channel2_IRQHandler                 0x0800023f   Thumb Code     0  startup_stm32f10x_hd.o(.text)
    DMA2_Channel3_IRQHandler                 0x0800023f   Thumb Code     0  startup_stm32f10x_hd.o(.text)
    DMA2_Channel4_5_IRQHandler               0x0800023f   Thumb Code     0  startup_stm32f10x_hd.o(.text)
    EXTI0_IRQHandler                         0x0800023f   Thumb Code     0  startup_stm32f10x_hd.o(.text)
    EXTI15_10_IRQHandler                     0x0800023f   Thumb Code     0  startup_stm32f10x_hd.o(.text)
    EXTI1_IRQHandler                         0x0800023f   Thumb Code     0  startup_stm32f10x_hd.o(.text)
    EXTI2_IRQHandler                         0x0800023f   Thumb Code     0  startup_stm32f10x_hd.o(.text)
    EXTI3_IRQHandler                         0x0800023f   Thumb Code     0  startup_stm32f10x_hd.o(.text)
    EXTI4_IRQHandler                         0x0800023f   Thumb Code     0  startup_stm32f10x_hd.o(.text)
    EXTI9_5_IRQHandler                       0x0800023f   Thumb Code     0  startup_stm32f10x_hd.o(.text)
    FLASH_IRQHandler                         0x0800023f   Thumb Code     0  startup_stm32f10x_hd.o(.text)
    FSMC_IRQHandler                          0x0800023f   Thumb Code     0  startup_stm32f10x_hd.o(.text)
    I2C1_ER_IRQHandler                       0x0800023f   Thumb Code     0  startup_stm32f10x_hd.o(.text)
    I2C1_EV_IRQHandler                       0x0800023f   Thumb Code     0  startup_stm32f10x_hd.o(.text)
    I2C2_ER_IRQHandler                       0x0800023f   Thumb Code     0  startup_stm32f10x_hd.o(.text)
    I2C2_EV_IRQHandler                       0x0800023f   Thumb Code     0  startup_stm32f10x_hd.o(.text)
    PVD_IRQHandler                           0x0800023f   Thumb Code     0  startup_stm32f10x_hd.o(.text)
    RCC_IRQHandler                           0x0800023f   Thumb Code     0  startup_stm32f10x_hd.o(.text)
    RTCAlarm_IRQHandler                      0x0800023f   Thumb Code     0  startup_stm32f10x_hd.o(.text)
    RTC_IRQHandler                           0x0800023f   Thumb Code     0  startup_stm32f10x_hd.o(.text)
    SDIO_IRQHandler                          0x0800023f   Thumb Code     0  startup_stm32f10x_hd.o(.text)
    SPI1_IRQHandler                          0x0800023f   Thumb Code     0  startup_stm32f10x_hd.o(.text)
    SPI2_IRQHandler                          0x0800023f   Thumb Code     0  startup_stm32f10x_hd.o(.text)
    SPI3_IRQHandler                          0x0800023f   Thumb Code     0  startup_stm32f10x_hd.o(.text)
    TAMPER_IRQHandler                        0x0800023f   Thumb Code     0  startup_stm32f10x_hd.o(.text)
    TIM1_BRK_IRQHandler                      0x0800023f   Thumb Code     0  startup_stm32f10x_hd.o(.text)
    TIM1_CC_IRQHandler                       0x0800023f   Thumb Code     0  startup_stm32f10x_hd.o(.text)
    TIM1_TRG_COM_IRQHandler                  0x0800023f   Thumb Code     0  startup_stm32f10x_hd.o(.text)
    TIM1_UP_IRQHandler                       0x0800023f   Thumb Code     0  startup_stm32f10x_hd.o(.text)
    TIM2_IRQHandler                          0x0800023f   Thumb Code     0  startup_stm32f10x_hd.o(.text)
    TIM3_IRQHandler                          0x0800023f   Thumb Code     0  startup_stm32f10x_hd.o(.text)
    TIM4_IRQHandler                          0x0800023f   Thumb Code     0  startup_stm32f10x_hd.o(.text)
    TIM5_IRQHandler                          0x0800023f   Thumb Code     0  startup_stm32f10x_hd.o(.text)
    TIM6_IRQHandler                          0x0800023f   Thumb Code     0  startup_stm32f10x_hd.o(.text)
    TIM7_IRQHandler                          0x0800023f   Thumb Code     0  startup_stm32f10x_hd.o(.text)
    TIM8_BRK_IRQHandler                      0x0800023f   Thumb Code     0  startup_stm32f10x_hd.o(.text)
    TIM8_CC_IRQHandler                       0x0800023f   Thumb Code     0  startup_stm32f10x_hd.o(.text)
    TIM8_TRG_COM_IRQHandler                  0x0800023f   Thumb Code     0  startup_stm32f10x_hd.o(.text)
    TIM8_UP_IRQHandler                       0x0800023f   Thumb Code     0  startup_stm32f10x_hd.o(.text)
    UART4_IRQHandler                         0x0800023f   Thumb Code     0  startup_stm32f10x_hd.o(.text)
    UART5_IRQHandler                         0x0800023f   Thumb Code     0  startup_stm32f10x_hd.o(.text)
    USART2_IRQHandler                        0x0800023f   Thumb Code     0  startup_stm32f10x_hd.o(.text)
    USART3_IRQHandler                        0x0800023f   Thumb Code     0  startup_stm32f10x_hd.o(.text)
    USBWakeUp_IRQHandler                     0x0800023f   Thumb Code     0  startup_stm32f10x_hd.o(.text)
    USB_HP_CAN1_TX_IRQHandler                0x0800023f   Thumb Code     0  startup_stm32f10x_hd.o(.text)
    USB_LP_CAN1_RX0_IRQHandler               0x0800023f   Thumb Code     0  startup_stm32f10x_hd.o(.text)
    WWDG_IRQHandler                          0x0800023f   Thumb Code     0  startup_stm32f10x_hd.o(.text)
    __user_initial_stackheap                 0x08000241   Thumb Code     0  startup_stm32f10x_hd.o(.text)
    CPU_IntDis                               0x08000265   Thumb Code     0  cpu_a.o(.text)
    CPU_IntEn                                0x08000269   Thumb Code     0  cpu_a.o(.text)
    CPU_SR_Save                              0x0800026d   Thumb Code     0  cpu_a.o(.text)
    CPU_SR_Restore                           0x08000275   Thumb Code     0  cpu_a.o(.text)
    CPU_WaitForInt                           0x0800027b   Thumb Code     0  cpu_a.o(.text)
    CPU_WaitForExcept                        0x0800027f   Thumb Code     0  cpu_a.o(.text)
    CPU_CntLeadZeros                         0x08000283   Thumb Code     0  cpu_a.o(.text)
    CPU_CntTrailZeros                        0x08000289   Thumb Code     0  cpu_a.o(.text)
    CPU_RevBits                              0x08000293   Thumb Code     0  cpu_a.o(.text)
    __use_no_semihosting                     0x08000299   Thumb Code     2  use_no_semi_2.o(.text)
    __2printf                                0x0800029d   Thumb Code    20  noretval__2printf.o(.text)
    __printf                                 0x080002b5   Thumb Code   270  __printf_wp.o(.text)
    __use_two_region_memory                  0x080003c3   Thumb Code     2  heapauxi.o(.text)
    __rt_heap_escrow$2region                 0x080003c5   Thumb Code     2  heapauxi.o(.text)
    __rt_heap_expand$2region                 0x080003c7   Thumb Code     2  heapauxi.o(.text)
    __I$use$semihosting                      0x080003c9   Thumb Code     0  use_no_semi.o(.text)
    __use_no_semihosting_swi                 0x080003c9   Thumb Code     2  use_no_semi.o(.text)
    __lib_sel_fp_printf                      0x080003cb   Thumb Code     2  _printf_fp_dec.o(.text)
    _printf_fp_dec_real                      0x08000579   Thumb Code   620  _printf_fp_dec.o(.text)
    _printf_char_file                        0x080007e5   Thumb Code    32  _printf_char_file.o(.text)
    __rt_locale                              0x08000809   Thumb Code     8  rt_locale_intlibspace.o(.text)
    _ll_udiv10                               0x08000811   Thumb Code   138  lludiv10.o(.text)
    _printf_char_common                      0x080008a7   Thumb Code    32  _printf_char_common.o(.text)
    _printf_fp_infnan                        0x080008cd   Thumb Code   112  _printf_fp_infnan.o(.text)
    _btod_etento                             0x0800094d   Thumb Code   216  bigflt0.o(.text)
    ferror                                   0x08000a29   Thumb Code     8  ferror.o(.text)
    __user_libspace                          0x08000a31   Thumb Code     8  libspace.o(.text)
    __user_perproc_libspace                  0x08000a31   Thumb Code     0  libspace.o(.text)
    __user_perthread_libspace                0x08000a31   Thumb Code     0  libspace.o(.text)
    __user_setup_stackheap                   0x08000a39   Thumb Code    74  sys_stackheap_outer.o(.text)
    exit                                     0x08000a83   Thumb Code    12  exit.o(.text)
    strcmp                                   0x08000a91   Thumb Code   128  strcmpv7m.o(.text)
    _btod_d2e                                0x08000b11   Thumb Code    62  btod.o(CL$$btod_d2e)
    _d2e_denorm_low                          0x08000b4f   Thumb Code    70  btod.o(CL$$btod_d2e_denorm_low)
    _d2e_norm_op1                            0x08000b95   Thumb Code    96  btod.o(CL$$btod_d2e_norm_op1)
    __btod_div_common                        0x08000bf5   Thumb Code   696  btod.o(CL$$btod_div_common)
    _e2e                                     0x08000f2d   Thumb Code   198  btod.o(CL$$btod_e2e)
    _btod_ediv                               0x08000ff3   Thumb Code    40  btod.o(CL$$btod_ediv)
    _btod_emul                               0x0800101b   Thumb Code    40  btod.o(CL$$btod_emul)
    __btod_mult_common                       0x08001043   Thumb Code   580  btod.o(CL$$btod_mult_common)
    OSStartHighRdy                           0x08001289   Thumb Code     0  os_cpu_a.o(CODE)
    PendSV_Handler                           0x080012bf   Thumb Code     0  os_cpu_a.o(CODE)
    BSP_CPU_ClkFreq                          0x08001321   Thumb Code    16  bsp.o(i.BSP_CPU_ClkFreq)
    BusFault_Handler                         0x08001331   Thumb Code     4  stm32f10x_it.o(i.BusFault_Handler)
    CPU_Init                                 0x08001335   Thumb Code    16  cpu_core.o(i.CPU_Init)
    CPU_IntDisMeasMaxCurGet                  0x080013e5   Thumb Code    40  cpu_core.o(i.CPU_IntDisMeasMaxCurGet)
    CPU_IntDisMeasMaxCurReset                0x08001411   Thumb Code    40  cpu_core.o(i.CPU_IntDisMeasMaxCurReset)
    CPU_IntDisMeasMaxGet                     0x0800143d   Thumb Code    40  cpu_core.o(i.CPU_IntDisMeasMaxGet)
    CPU_IntDisMeasStart                      0x08001469   Thumb Code    38  cpu_core.o(i.CPU_IntDisMeasStart)
    CPU_IntDisMeasStop                       0x0800149d   Thumb Code    62  cpu_core.o(i.CPU_IntDisMeasStop)
    CPU_NameClr                              0x080014f1   Thumb Code    50  cpu_core.o(i.CPU_NameClr)
    CPU_TS_TmrFreqSet                        0x08001545   Thumb Code     6  cpu_core.o(i.CPU_TS_TmrFreqSet)
    CPU_TS_TmrInit                           0x08001551   Thumb Code    44  bsp.o(i.CPU_TS_TmrInit)
    CPU_TS_TmrRd                             0x08001585   Thumb Code     6  bsp.o(i.CPU_TS_TmrRd)
    DebugMon_Handler                         0x08001591   Thumb Code     2  stm32f10x_it.o(i.DebugMon_Handler)
    GPIO_Init                                0x08001593   Thumb Code   278  stm32f10x_gpio.o(i.GPIO_Init)
    GPIO_SetBits                             0x080016a9   Thumb Code     4  stm32f10x_gpio.o(i.GPIO_SetBits)
    HardFault_Handler                        0x080016ad   Thumb Code     4  stm32f10x_it.o(i.HardFault_Handler)
    Led_Init                                 0x080016b1   Thumb Code    46  led.o(i.Led_Init)
    MemManage_Handler                        0x080016e5   Thumb Code     4  stm32f10x_it.o(i.MemManage_Handler)
    Mem_Clr                                  0x080016e9   Thumb Code    18  lib_mem.o(i.Mem_Clr)
    Mem_Set                                  0x080016fb   Thumb Code    98  lib_mem.o(i.Mem_Set)
    NMI_Handler                              0x0800175d   Thumb Code     2  stm32f10x_it.o(i.NMI_Handler)
    NVIC_Init                                0x08001761   Thumb Code   100  misc.o(i.NVIC_Init)
    NVIC_PriorityGroupConfig                 0x080017d1   Thumb Code    10  misc.o(i.NVIC_PriorityGroupConfig)
    OSCfg_Init                               0x080017e5   Thumb Code     2  os_cfg_app.o(i.OSCfg_Init)
    OSIdleTaskHook                           0x080017e9   Thumb Code    16  os_cpu_c.o(i.OSIdleTaskHook)
    OSInit                                   0x080017fd   Thumb Code   300  os_core.o(i.OSInit)
    OSInitHook                               0x08001989   Thumb Code    42  os_cpu_c.o(i.OSInitHook)
    OSIntEnter                               0x080019c1   Thumb Code    34  os_core.o(i.OSIntEnter)
    OSIntExit                                0x080019ed   Thumb Code   192  os_core.o(i.OSIntExit)
    OSSched                                  0x08001ad1   Thumb Code   134  os_core.o(i.OSSched)
    OSSchedLock                              0x08001b79   Thumb Code   112  os_core.o(i.OSSchedLock)
    OSSchedRoundRobinCfg                     0x08001bf5   Thumb Code    96  os_core.o(i.OSSchedRoundRobinCfg)
    OSSchedUnlock                            0x08001c61   Thumb Code   148  os_core.o(i.OSSchedUnlock)
    OSStart                                  0x08001d01   Thumb Code    78  os_core.o(i.OSStart)
    OSStatReset                              0x08001d69   Thumb Code   316  os_stat.o(i.OSStatReset)
    OSStatTaskCPUUsageInit                   0x08001ed1   Thumb Code   228  os_stat.o(i.OSStatTaskCPUUsageInit)
    OSStatTaskHook                           0x08001fd1   Thumb Code    16  os_cpu_c.o(i.OSStatTaskHook)
    OSTaskCreate                             0x08001fe5   Thumb Code   624  os_task.o(i.OSTaskCreate)
    OSTaskCreateHook                         0x08002279   Thumb Code    20  os_cpu_c.o(i.OSTaskCreateHook)
    OSTaskDel                                0x08002291   Thumb Code   490  os_task.o(i.OSTaskDel)
    OSTaskDelHook                            0x08002499   Thumb Code    20  os_cpu_c.o(i.OSTaskDelHook)
    OSTaskResume                             0x080024b1   Thumb Code   124  os_task.o(i.OSTaskResume)
    OSTaskReturnHook                         0x08002539   Thumb Code    20  os_cpu_c.o(i.OSTaskReturnHook)
    OSTaskSemPend                            0x08002551   Thumb Code   578  os_task.o(i.OSTaskSemPend)
    OSTaskStkChk                             0x080027a1   Thumb Code   220  os_task.o(i.OSTaskStkChk)
    OSTaskStkInit                            0x08002885   Thumb Code   188  os_cpu_c.o(i.OSTaskStkInit)
    OSTaskSuspend                            0x08002945   Thumb Code    78  os_task.o(i.OSTaskSuspend)
    OSTaskSwHook                             0x080029a5   Thumb Code   146  os_cpu_c.o(i.OSTaskSwHook)
    OSTimeDly                                0x08002a49   Thumb Code   322  os_time.o(i.OSTimeDly)
    OSTimeDlyHMSM                            0x08002b99   Thumb Code   538  os_time.o(i.OSTimeDlyHMSM)
    OSTimeTick                               0x08002dc5   Thumb Code    54  os_time.o(i.OSTimeTick)
    OSTimeTickHook                           0x08002e09   Thumb Code    16  os_cpu_c.o(i.OSTimeTickHook)
    OS_Dbg_Init                              0x08002e1d   Thumb Code   150  os_dbg.o(i.OS_Dbg_Init)
    OS_FlagInit                              0x08002fd1   Thumb Code    14  os_flag.o(i.OS_FlagInit)
    OS_FlagPost                              0x08002fe9   Thumb Code   626  os_flag.o(i.OS_FlagPost)
    OS_FlagTaskRdy                           0x08003265   Thumb Code    86  os_flag.o(i.OS_FlagTaskRdy)
    OS_IdleTask                              0x080032bd   Thumb Code    68  os_core.o(i.OS_IdleTask)
    OS_IdleTaskInit                          0x08003309   Thumb Code    66  os_core.o(i.OS_IdleTaskInit)
    OS_IntQPost                              0x08003379   Thumb Code   224  os_int.o(i.OS_IntQPost)
    OS_IntQRePost                            0x0800347d   Thumb Code   360  os_int.o(i.OS_IntQRePost)
    OS_IntQTask                              0x08003621   Thumb Code   182  os_int.o(i.OS_IntQTask)
    OS_IntQTaskInit                          0x080036e9   Thumb Code   206  os_int.o(i.OS_IntQTaskInit)
    OS_MemInit                               0x08003811   Thumb Code    14  os_mem.o(i.OS_MemInit)
    OS_MsgPoolInit                           0x08003829   Thumb Code   110  os_msg.o(i.OS_MsgPoolInit)
    OS_MsgQFreeAll                           0x080038a5   Thumb Code    62  os_msg.o(i.OS_MsgQFreeAll)
    OS_MsgQInit                              0x080038e9   Thumb Code    14  os_msg.o(i.OS_MsgQInit)
    OS_MsgQPut                               0x080038f9   Thumb Code   254  os_msg.o(i.OS_MsgQPut)
    OS_MutexInit                             0x080039fd   Thumb Code    14  os_mutex.o(i.OS_MutexInit)
    OS_Pend                                  0x08003a15   Thumb Code    98  os_core.o(i.OS_Pend)
    OS_PendDataInit                          0x08003a7d   Thumb Code    38  os_core.o(i.OS_PendDataInit)
    OS_PendDbgNameAdd                        0x08003aa5   Thumb Code    66  os_core.o(i.OS_PendDbgNameAdd)
    OS_PendDbgNameRemove                     0x08003b01   Thumb Code    30  os_core.o(i.OS_PendDbgNameRemove)
    OS_PendListInsertPrio                    0x08003b25   Thumb Code   102  os_core.o(i.OS_PendListInsertPrio)
    OS_PendListRemove                        0x08003b8b   Thumb Code    48  os_core.o(i.OS_PendListRemove)
    OS_PendListRemove1                       0x08003bbb   Thumb Code    66  os_core.o(i.OS_PendListRemove1)
    OS_Post                                  0x08003bfd   Thumb Code   192  os_core.o(i.OS_Post)
    OS_Post1                                 0x08003cbd   Thumb Code    42  os_core.o(i.OS_Post1)
    OS_PrioGetHighest                        0x08003ce9   Thumb Code    36  os_prio.o(i.OS_PrioGetHighest)
    OS_PrioInit                              0x08003d11   Thumb Code    20  os_prio.o(i.OS_PrioInit)
    OS_PrioInsert                            0x08003d29   Thumb Code    32  os_prio.o(i.OS_PrioInsert)
    OS_PrioRemove                            0x08003d4d   Thumb Code    32  os_prio.o(i.OS_PrioRemove)
    OS_QInit                                 0x08003d71   Thumb Code    14  os_q.o(i.OS_QInit)
    OS_QPost                                 0x08003d89   Thumb Code   382  os_q.o(i.OS_QPost)
    OS_RdyListInit                           0x08003f11   Thumb Code    32  os_core.o(i.OS_RdyListInit)
    OS_RdyListInsert                         0x08003f35   Thumb Code    40  os_core.o(i.OS_RdyListInsert)
    OS_RdyListInsertHead                     0x08003f61   Thumb Code    58  os_core.o(i.OS_RdyListInsertHead)
    OS_RdyListInsertTail                     0x08003fa1   Thumb Code    56  os_core.o(i.OS_RdyListInsertTail)
    OS_RdyListMoveHeadToTail                 0x08003fdd   Thumb Code    68  os_core.o(i.OS_RdyListMoveHeadToTail)
    OS_RdyListRemove                         0x08004021   Thumb Code    86  os_core.o(i.OS_RdyListRemove)
    OS_Sched0                                0x0800407d   Thumb Code    72  os_core.o(i.OS_Sched0)
    OS_SchedLockTimeMeasStart                0x080040d9   Thumb Code    20  os_core.o(i.OS_SchedLockTimeMeasStart)
    OS_SchedLockTimeMeasStop                 0x080040f5   Thumb Code    44  os_core.o(i.OS_SchedLockTimeMeasStop)
    OS_SchedRoundRobin                       0x08004131   Thumb Code   218  os_core.o(i.OS_SchedRoundRobin)
    OS_SemInit                               0x0800421d   Thumb Code    14  os_sem.o(i.OS_SemInit)
    OS_SemPost                               0x08004235   Thumb Code   404  os_sem.o(i.OS_SemPost)
    OS_StatTask                              0x080043cd   Thumb Code   878  os_stat.o(i.OS_StatTask)
    OS_StatTaskInit                          0x08004785   Thumb Code   136  os_stat.o(i.OS_StatTaskInit)
    OS_TaskBlock                             0x08004851   Thumb Code    56  os_core.o(i.OS_TaskBlock)
    OS_TaskDbgListAdd                        0x08004889   Thumb Code    42  os_task.o(i.OS_TaskDbgListAdd)
    OS_TaskDbgListRemove                     0x080048b9   Thumb Code    64  os_task.o(i.OS_TaskDbgListRemove)
    OS_TaskInit                              0x080048fd   Thumb Code    18  os_task.o(i.OS_TaskInit)
    OS_TaskInitTCB                           0x0800491d   Thumb Code   194  os_task.o(i.OS_TaskInitTCB)
    OS_TaskQPost                             0x080049ed   Thumb Code   606  os_task.o(i.OS_TaskQPost)
    OS_TaskRdy                               0x08004c59   Thumb Code    28  os_core.o(i.OS_TaskRdy)
    OS_TaskResume                            0x08004c75   Thumb Code   374  os_task.o(i.OS_TaskResume)
    OS_TaskReturn                            0x08004df1   Thumb Code    20  os_task.o(i.OS_TaskReturn)
    OS_TaskSemPost                           0x08004e09   Thumb Code  1438  os_task.o(i.OS_TaskSemPost)
    OS_TaskSuspend                           0x080053b1   Thumb Code   392  os_task.o(i.OS_TaskSuspend)
    OS_TickListInit                          0x08005541   Thumb Code    32  os_tick.o(i.OS_TickListInit)
    OS_TickListInsert                        0x08005569   Thumb Code   430  os_tick.o(i.OS_TickListInsert)
    OS_TickListRemove                        0x08005725   Thumb Code    56  os_tick.o(i.OS_TickListRemove)
    OS_TickListResetPeak                     0x0800575d   Thumb Code    28  os_tick.o(i.OS_TickListResetPeak)
    OS_TickListUpdate                        0x08005781   Thumb Code   520  os_tick.o(i.OS_TickListUpdate)
    OS_TickTask                              0x080059a1   Thumb Code    38  os_tick.o(i.OS_TickTask)
    OS_TickTaskInit                          0x080059cd   Thumb Code   128  os_tick.o(i.OS_TickTaskInit)
    OS_TmrInit                               0x08005a85   Thumb Code   206  os_tmr.o(i.OS_TmrInit)
    OS_TmrLink                               0x08005bad   Thumb Code   196  os_tmr.o(i.OS_TmrLink)
    OS_TmrResetPeak                          0x08005c7d   Thumb Code    28  os_tmr.o(i.OS_TmrResetPeak)
    OS_TmrTask                               0x08005ca1   Thumb Code   176  os_tmr.o(i.OS_TmrTask)
    OS_TmrUnlink                             0x08005d61   Thumb Code    72  os_tmr.o(i.OS_TmrUnlink)
    RCC_APB2PeriphClockCmd                   0x08005db1   Thumb Code    26  stm32f10x_rcc.o(i.RCC_APB2PeriphClockCmd)
    RCC_GetClocksFreq                        0x08005dd1   Thumb Code   192  stm32f10x_rcc.o(i.RCC_GetClocksFreq)
    SVC_Handler                              0x08005ea5   Thumb Code     2  stm32f10x_it.o(i.SVC_Handler)
    SysTick_CLKSourceConfig                  0x08005f91   Thumb Code    40  misc.o(i.SysTick_CLKSourceConfig)
    SysTick_Handler                          0x08005fb9   Thumb Code    24  delay.o(i.SysTick_Handler)
    SystemInit                               0x08005fd5   Thumb Code    78  system_stm32f10x.o(i.SystemInit)
    USART1_IRQHandler                        0x08006035   Thumb Code   130  usart.o(i.USART1_IRQHandler)
    USART_Cmd                                0x080060c5   Thumb Code    24  stm32f10x_usart.o(i.USART_Cmd)
    USART_GetITStatus                        0x080060dd   Thumb Code    84  stm32f10x_usart.o(i.USART_GetITStatus)
    USART_ITConfig                           0x08006131   Thumb Code    74  stm32f10x_usart.o(i.USART_ITConfig)
    USART_Init                               0x0800617d   Thumb Code   210  stm32f10x_usart.o(i.USART_Init)
    USART_ReceiveData                        0x08006255   Thumb Code    10  stm32f10x_usart.o(i.USART_ReceiveData)
    UsageFault_Handler                       0x0800625f   Thumb Code     4  stm32f10x_it.o(i.UsageFault_Handler)
    __ARM_fpclassify                         0x08006263   Thumb Code    40  fpclassify.o(i.__ARM_fpclassify)
    _is_digit                                0x0800628b   Thumb Code    14  __printf_wp.o(i._is_digit)
    _sys_exit                                0x08006299   Thumb Code     6  usart.o(i._sys_exit)
    delay_init                               0x080062a1   Thumb Code    92  delay.o(i.delay_init)
    delay_ms                                 0x08006311   Thumb Code    66  delay.o(i.delay_ms)
    delay_osschedlock                        0x08006361   Thumb Code    10  delay.o(i.delay_osschedlock)
    delay_osschedunlock                      0x0800636b   Thumb Code    10  delay.o(i.delay_osschedunlock)
    delay_ostimedly                          0x08006375   Thumb Code    16  delay.o(i.delay_ostimedly)
    delay_us                                 0x08006385   Thumb Code    86  delay.o(i.delay_us)
    float_task                               0x080063e1   Thumb Code   220  main.o(i.float_task)
    fputc                                    0x080064e5   Thumb Code    24  usart.o(i.fputc)
    led0_task                                0x08006501   Thumb Code    60  main.o(i.led0_task)
    led1_task                                0x08006545   Thumb Code    40  main.o(i.led1_task)
    main                                     0x08006575   Thumb Code   264  main.o(i.main)
    start_task                               0x0800669d   Thumb Code   356  main.o(i.start_task)
    uart_init                                0x08006859   Thumb Code   152  usart.o(i.uart_init)
    _get_lc_numeric                          0x080068f9   Thumb Code    44  lc_numeric_c.o(locale$$code)
    __fpl_dretinf                            0x08006925   Thumb Code    12  dretinf.o(x$fpl$dretinf)
    __aeabi_f2d                              0x08006931   Thumb Code     0  f2d.o(x$fpl$f2d)
    _f2d                                     0x08006931   Thumb Code    86  f2d.o(x$fpl$f2d)
    __aeabi_fadd                             0x08006989   Thumb Code     0  faddsub_clz.o(x$fpl$fadd)
    _fadd                                    0x08006989   Thumb Code   196  faddsub_clz.o(x$fpl$fadd)
    __fpl_fnaninf                            0x08006a4d   Thumb Code   140  fnaninf.o(x$fpl$fnaninf)
    __fpl_fretinf                            0x08006ad9   Thumb Code    10  fretinf.o(x$fpl$fretinf)
    __aeabi_fsub                             0x08006ae5   Thumb Code     0  faddsub_clz.o(x$fpl$fsub)
    _fsub                                    0x08006ae5   Thumb Code   234  faddsub_clz.o(x$fpl$fsub)
    _printf_fp_dec                           0x08006bcf   Thumb Code     4  printf1.o(x$fpl$printf1)
    __I$use$fp                               0x08006bd2   Number         0  usenofp.o(x$fpl$usenofp)
    OSCfg_IdleTaskStkBasePtr                 0x08006bd4   Data           4  os_cfg_app.o(.constdata)
    OSCfg_IdleTaskStkLimit                   0x08006bd8   Data           4  os_cfg_app.o(.constdata)
    OSCfg_IdleTaskStkSize                    0x08006bdc   Data           4  os_cfg_app.o(.constdata)
    OSCfg_IdleTaskStkSizeRAM                 0x08006be0   Data           4  os_cfg_app.o(.constdata)
    OSCfg_IntQBasePtr                        0x08006be4   Data           4  os_cfg_app.o(.constdata)
    OSCfg_IntQSize                           0x08006be8   Data           2  os_cfg_app.o(.constdata)
    OSCfg_IntQSizeRAM                        0x08006bec   Data           4  os_cfg_app.o(.constdata)
    OSCfg_IntQTaskStkBasePtr                 0x08006bf0   Data           4  os_cfg_app.o(.constdata)
    OSCfg_IntQTaskStkLimit                   0x08006bf4   Data           4  os_cfg_app.o(.constdata)
    OSCfg_IntQTaskStkSize                    0x08006bf8   Data           4  os_cfg_app.o(.constdata)
    OSCfg_IntQTaskStkSizeRAM                 0x08006bfc   Data           4  os_cfg_app.o(.constdata)
    OSCfg_ISRStkBasePtr                      0x08006c00   Data           4  os_cfg_app.o(.constdata)
    OSCfg_ISRStkSize                         0x08006c04   Data           4  os_cfg_app.o(.constdata)
    OSCfg_ISRStkSizeRAM                      0x08006c08   Data           4  os_cfg_app.o(.constdata)
    OSCfg_MsgPoolSize                        0x08006c0c   Data           2  os_cfg_app.o(.constdata)
    OSCfg_MsgPoolSizeRAM                     0x08006c10   Data           4  os_cfg_app.o(.constdata)
    OSCfg_MsgPoolBasePtr                     0x08006c14   Data           4  os_cfg_app.o(.constdata)
    OSCfg_StatTaskPrio                       0x08006c18   Data           1  os_cfg_app.o(.constdata)
    OSCfg_StatTaskRate_Hz                    0x08006c1c   Data           4  os_cfg_app.o(.constdata)
    OSCfg_StatTaskStkBasePtr                 0x08006c20   Data           4  os_cfg_app.o(.constdata)
    OSCfg_StatTaskStkLimit                   0x08006c24   Data           4  os_cfg_app.o(.constdata)
    OSCfg_StatTaskStkSize                    0x08006c28   Data           4  os_cfg_app.o(.constdata)
    OSCfg_StatTaskStkSizeRAM                 0x08006c2c   Data           4  os_cfg_app.o(.constdata)
    OSCfg_StkSizeMin                         0x08006c30   Data           4  os_cfg_app.o(.constdata)
    OSCfg_TickRate_Hz                        0x08006c34   Data           4  os_cfg_app.o(.constdata)
    OSCfg_TickTaskPrio                       0x08006c38   Data           1  os_cfg_app.o(.constdata)
    OSCfg_TickTaskStkBasePtr                 0x08006c3c   Data           4  os_cfg_app.o(.constdata)
    OSCfg_TickTaskStkLimit                   0x08006c40   Data           4  os_cfg_app.o(.constdata)
    OSCfg_TickTaskStkSize                    0x08006c44   Data           4  os_cfg_app.o(.constdata)
    OSCfg_TickTaskStkSizeRAM                 0x08006c48   Data           4  os_cfg_app.o(.constdata)
    OSCfg_TickWheelSize                      0x08006c4c   Data           2  os_cfg_app.o(.constdata)
    OSCfg_TickWheelSizeRAM                   0x08006c50   Data           4  os_cfg_app.o(.constdata)
    OSCfg_TmrTaskPrio                        0x08006c54   Data           1  os_cfg_app.o(.constdata)
    OSCfg_TmrTaskRate_Hz                     0x08006c58   Data           4  os_cfg_app.o(.constdata)
    OSCfg_TmrTaskStkBasePtr                  0x08006c5c   Data           4  os_cfg_app.o(.constdata)
    OSCfg_TmrTaskStkLimit                    0x08006c60   Data           4  os_cfg_app.o(.constdata)
    OSCfg_TmrTaskStkSize                     0x08006c64   Data           4  os_cfg_app.o(.constdata)
    OSCfg_TmrTaskStkSizeRAM                  0x08006c68   Data           4  os_cfg_app.o(.constdata)
    OSCfg_TmrWheelSize                       0x08006c6c   Data           2  os_cfg_app.o(.constdata)
    OSCfg_TmrWheelSizeRAM                    0x08006c70   Data           4  os_cfg_app.o(.constdata)
    OSCfg_DataSizeRAM                        0x08006c74   Data           4  os_cfg_app.o(.constdata)
    OSDbg_DbgEn                              0x08006c78   Data           1  os_dbg.o(.constdata)
    OSDbg_ArgChkEn                           0x08006c79   Data           1  os_dbg.o(.constdata)
    OSDbg_AppHooksEn                         0x08006c7a   Data           1  os_dbg.o(.constdata)
    OSDbg_EndiannessTest                     0x08006c7c   Data           4  os_dbg.o(.constdata)
    OSDbg_CalledFromISRChkEn                 0x08006c80   Data           1  os_dbg.o(.constdata)
    OSDbg_FlagEn                             0x08006c81   Data           1  os_dbg.o(.constdata)
    OSDbg_FlagGrp                            0x08006c84   Data          40  os_dbg.o(.constdata)
    OSDbg_FlagDelEn                          0x08006cac   Data           1  os_dbg.o(.constdata)
    OSDbg_FlagModeClrEn                      0x08006cad   Data           1  os_dbg.o(.constdata)
    OSDbg_FlagPendAbortEn                    0x08006cae   Data           1  os_dbg.o(.constdata)
    OSDbg_FlagGrpSize                        0x08006cb0   Data           2  os_dbg.o(.constdata)
    OSDbg_FlagWidth                          0x08006cb2   Data           2  os_dbg.o(.constdata)
    OSDbg_IntQ                               0x08006cb4   Data           2  os_dbg.o(.constdata)
    OSDbg_ISRPostDeferredEn                  0x08006cb6   Data           1  os_dbg.o(.constdata)
    OSDbg_Mem                                0x08006cb8   Data          32  os_dbg.o(.constdata)
    OSDbg_MemEn                              0x08006cd8   Data           1  os_dbg.o(.constdata)
    OSDbg_MemSize                            0x08006cda   Data           2  os_dbg.o(.constdata)
    OSDbg_MsgEn                              0x08006cdc   Data           1  os_dbg.o(.constdata)
    OSDbg_MsgSize                            0x08006cde   Data           2  os_dbg.o(.constdata)
    OSDbg_MsgPoolSize                        0x08006ce0   Data           2  os_dbg.o(.constdata)
    OSDbg_MsgQSize                           0x08006ce2   Data           2  os_dbg.o(.constdata)
    OSDbg_Mutex                              0x08006ce4   Data          44  os_dbg.o(.constdata)
    OSDbg_MutexEn                            0x08006d10   Data           1  os_dbg.o(.constdata)
    OSDbg_MutexDelEn                         0x08006d11   Data           1  os_dbg.o(.constdata)
    OSDbg_MutexPendAbortEn                   0x08006d12   Data           1  os_dbg.o(.constdata)
    OSDbg_MutexSize                          0x08006d14   Data           2  os_dbg.o(.constdata)
    OSDbg_ObjTypeChkEn                       0x08006d16   Data           1  os_dbg.o(.constdata)
    OSDbg_PendMultiEn                        0x08006d17   Data           1  os_dbg.o(.constdata)
    OSDbg_PendDataSize                       0x08006d18   Data           2  os_dbg.o(.constdata)
    OSDbg_PendListSize                       0x08006d1a   Data           2  os_dbg.o(.constdata)
    OSDbg_PendObjSize                        0x08006d1c   Data           2  os_dbg.o(.constdata)
    OSDbg_PrioMax                            0x08006d1e   Data           2  os_dbg.o(.constdata)
    OSDbg_PrioTblSize                        0x08006d20   Data           2  os_dbg.o(.constdata)
    OSDbg_PtrSize                            0x08006d22   Data           2  os_dbg.o(.constdata)
    OSDbg_Q                                  0x08006d24   Data          48  os_dbg.o(.constdata)
    OSDbg_QEn                                0x08006d54   Data           1  os_dbg.o(.constdata)
    OSDbg_QDelEn                             0x08006d55   Data           1  os_dbg.o(.constdata)
    OSDbg_QFlushEn                           0x08006d56   Data           1  os_dbg.o(.constdata)
    OSDbg_QPendAbortEn                       0x08006d57   Data           1  os_dbg.o(.constdata)
    OSDbg_QSize                              0x08006d58   Data           2  os_dbg.o(.constdata)
    OSDbg_SchedRoundRobinEn                  0x08006d5a   Data           1  os_dbg.o(.constdata)
    OSDbg_Sem                                0x08006d5c   Data          40  os_dbg.o(.constdata)
    OSDbg_SemEn                              0x08006d84   Data           1  os_dbg.o(.constdata)
    OSDbg_SemDelEn                           0x08006d85   Data           1  os_dbg.o(.constdata)
    OSDbg_SemPendAbortEn                     0x08006d86   Data           1  os_dbg.o(.constdata)
    OSDbg_SemSetEn                           0x08006d87   Data           1  os_dbg.o(.constdata)
    OSDbg_SemSize                            0x08006d88   Data           2  os_dbg.o(.constdata)
    OSDbg_RdyList                            0x08006d8a   Data           2  os_dbg.o(.constdata)
    OSDbg_RdyListSize                        0x08006d8c   Data           4  os_dbg.o(.constdata)
    OSDbg_StkWidth                           0x08006d90   Data           1  os_dbg.o(.constdata)
    OSDbg_StatTaskEn                         0x08006d91   Data           1  os_dbg.o(.constdata)
    OSDbg_StatTaskStkChkEn                   0x08006d92   Data           1  os_dbg.o(.constdata)
    OSDbg_TaskChangePrioEn                   0x08006d93   Data           1  os_dbg.o(.constdata)
    OSDbg_TaskDelEn                          0x08006d94   Data           1  os_dbg.o(.constdata)
    OSDbg_TaskQEn                            0x08006d95   Data           1  os_dbg.o(.constdata)
    OSDbg_TaskQPendAbortEn                   0x08006d96   Data           1  os_dbg.o(.constdata)
    OSDbg_TaskProfileEn                      0x08006d97   Data           1  os_dbg.o(.constdata)
    OSDbg_TaskRegTblSize                     0x08006d98   Data           2  os_dbg.o(.constdata)
    OSDbg_TaskSemPendAbortEn                 0x08006d9a   Data           1  os_dbg.o(.constdata)
    OSDbg_TaskSuspendEn                      0x08006d9b   Data           1  os_dbg.o(.constdata)
    OSDbg_TCBSize                            0x08006d9c   Data           2  os_dbg.o(.constdata)
    OSDbg_TickSpokeSize                      0x08006d9e   Data           2  os_dbg.o(.constdata)
    OSDbg_TimeDlyHMSMEn                      0x08006da0   Data           1  os_dbg.o(.constdata)
    OSDbg_TimeDlyResumeEn                    0x08006da1   Data           1  os_dbg.o(.constdata)
    OSDbg_TLS_TblSize                        0x08006da2   Data           2  os_dbg.o(.constdata)
    OSDbg_Tmr                                0x08006da4   Data          52  os_dbg.o(.constdata)
    OSDbg_TmrEn                              0x08006dd8   Data           1  os_dbg.o(.constdata)
    OSDbg_TmrDelEn                           0x08006dd9   Data           1  os_dbg.o(.constdata)
    OSDbg_TmrSize                            0x08006dda   Data           2  os_dbg.o(.constdata)
    OSDbg_TmrSpokeSize                       0x08006ddc   Data           2  os_dbg.o(.constdata)
    OSDbg_VersionNbr                         0x08006dde   Data           2  os_dbg.o(.constdata)
    OSDbg_DataSize                           0x08006de0   Data           4  os_dbg.o(.constdata)
    Region$$Table$$Base                      0x08006e78   Number         0  anon$$obj.o(Region$$Table)
    Region$$Table$$Limit                     0x08006e98   Number         0  anon$$obj.o(Region$$Table)
    SystemCoreClock                          0x20000004   Data           4  system_stm32f10x.o(.data)
    AHBPrescTable                            0x20000008   Data          16  system_stm32f10x.o(.data)
    __stdout                                 0x20000030   Data           4  usart.o(.data)
    USART_RX_STA                             0x20000034   Data           2  usart.o(.data)
    CPU_TS_TmrFreq_Hz                        0x20000038   Data           4  cpu_core.o(.data)
    CPU_IntDisMeasCtr                        0x2000003c   Data           2  cpu_core.o(.data)
    CPU_IntDisNestCtr                        0x2000003e   Data           2  cpu_core.o(.data)
    CPU_IntDisMeasStart_cnts                 0x20000040   Data           4  cpu_core.o(.data)
    CPU_IntDisMeasStop_cnts                  0x20000044   Data           4  cpu_core.o(.data)
    CPU_IntDisMeasOvrhd_cnts                 0x20000048   Data           4  cpu_core.o(.data)
    CPU_IntDisMeasMaxCur_cnts                0x2000004c   Data           4  cpu_core.o(.data)
    CPU_IntDisMeasMax_cnts                   0x20000050   Data           4  cpu_core.o(.data)
    OS_CPU_ExceptStkBase                     0x20000054   Data           4  os_cpu_c.o(.data)
    OSPrioTbl                                0x20000058   Data           4  os_prio.o(.data)
    OS_AppTaskCreateHookPtr                  0x2000005c   Data           4  os_var.o(.data)
    OS_AppTaskDelHookPtr                     0x20000060   Data           4  os_var.o(.data)
    OS_AppTaskReturnHookPtr                  0x20000064   Data           4  os_var.o(.data)
    OS_AppIdleTaskHookPtr                    0x20000068   Data           4  os_var.o(.data)
    OS_AppStatTaskHookPtr                    0x2000006c   Data           4  os_var.o(.data)
    OS_AppTaskSwHookPtr                      0x20000070   Data           4  os_var.o(.data)
    OS_AppTimeTickHookPtr                    0x20000074   Data           4  os_var.o(.data)
    OSIdleTaskCtr                            0x20000078   Data           4  os_var.o(.data)
    OSIntNestingCtr                          0x2000007c   Data           1  os_var.o(.data)
    OSIntDisTimeMax                          0x20000080   Data           4  os_var.o(.data)
    OSRunning                                0x20000084   Data           1  os_var.o(.data)
    OSIntQInPtr                              0x20000088   Data           4  os_var.o(.data)
    OSIntQOutPtr                             0x2000008c   Data           4  os_var.o(.data)
    OSIntQNbrEntries                         0x20000090   Data           2  os_var.o(.data)
    OSIntQNbrEntriesMax                      0x20000092   Data           2  os_var.o(.data)
    OSIntQOvfCtr                             0x20000094   Data           2  os_var.o(.data)
    OSIntQTaskTimeMax                        0x20000098   Data           4  os_var.o(.data)
    OSFlagDbgListPtr                         0x2000009c   Data           4  os_var.o(.data)
    OSFlagQty                                0x200000a0   Data           2  os_var.o(.data)
    OSMemDbgListPtr                          0x200000a4   Data           4  os_var.o(.data)
    OSMemQty                                 0x200000a8   Data           2  os_var.o(.data)
    OSMutexDbgListPtr                        0x200000ac   Data           4  os_var.o(.data)
    OSMutexQty                               0x200000b0   Data           2  os_var.o(.data)
    OSPrioCur                                0x200000b2   Data           1  os_var.o(.data)
    OSPrioHighRdy                            0x200000b3   Data           1  os_var.o(.data)
    OSPrioSaved                              0x200000b4   Data           1  os_var.o(.data)
    OSQDbgListPtr                            0x200000b8   Data           4  os_var.o(.data)
    OSQQty                                   0x200000bc   Data           2  os_var.o(.data)
    OSSchedLockTimeBegin                     0x200000c0   Data           4  os_var.o(.data)
    OSSchedLockTimeMax                       0x200000c4   Data           4  os_var.o(.data)
    OSSchedLockTimeMaxCur                    0x200000c8   Data           4  os_var.o(.data)
    OSSchedLockNestingCtr                    0x200000cc   Data           1  os_var.o(.data)
    OSSchedRoundRobinDfltTimeQuanta          0x200000d0   Data           4  os_var.o(.data)
    OSSchedRoundRobinEn                      0x200000d4   Data           1  os_var.o(.data)
    OSSemDbgListPtr                          0x200000d8   Data           4  os_var.o(.data)
    OSSemQty                                 0x200000dc   Data           2  os_var.o(.data)
    OSStatResetFlag                          0x200000de   Data           1  os_var.o(.data)
    OSStatTaskCPUUsage                       0x200000e0   Data           2  os_var.o(.data)
    OSStatTaskCPUUsageMax                    0x200000e2   Data           2  os_var.o(.data)
    OSStatTaskCtr                            0x200000e4   Data           4  os_var.o(.data)
    OSStatTaskCtrMax                         0x200000e8   Data           4  os_var.o(.data)
    OSStatTaskCtrRun                         0x200000ec   Data           4  os_var.o(.data)
    OSStatTaskRdy                            0x200000f0   Data           1  os_var.o(.data)
    OSStatTaskTimeMax                        0x200000f4   Data           4  os_var.o(.data)
    OSTaskCtxSwCtr                           0x200000f8   Data           4  os_var.o(.data)
    OSTaskDbgListPtr                         0x200000fc   Data           4  os_var.o(.data)
    OSTaskQty                                0x20000100   Data           2  os_var.o(.data)
    OSTaskRegNextAvailID                     0x20000102   Data           1  os_var.o(.data)
    OSTickCtr                                0x20000104   Data           4  os_var.o(.data)
    OSTickTaskTimeMax                        0x20000108   Data           4  os_var.o(.data)
    OSTmrDbgListPtr                          0x2000010c   Data           4  os_var.o(.data)
    OSTmrQty                                 0x20000110   Data           2  os_var.o(.data)
    OSTmrTaskTimeMax                         0x20000114   Data           4  os_var.o(.data)
    OSTmrTickCtr                             0x20000118   Data           4  os_var.o(.data)
    OSTmrUpdateCnt                           0x2000011c   Data           4  os_var.o(.data)
    OSTmrUpdateCtr                           0x20000120   Data           4  os_var.o(.data)
    OSTCBCurPtr                              0x20000124   Data           4  os_var.o(.data)
    OSTCBHighRdyPtr                          0x20000128   Data           4  os_var.o(.data)
    StartTaskTCB                             0x20000130   Data         200  main.o(.bss)
    START_TASK_STK                           0x200001f8   Data        2048  main.o(.bss)
    Led0TaskTCB                              0x200009f8   Data         200  main.o(.bss)
    LED0_TASK_STK                            0x20000ac0   Data         512  main.o(.bss)
    Led1TaskTCB                              0x20000cc0   Data         200  main.o(.bss)
    LED1_TASK_STK                            0x20000d88   Data         512  main.o(.bss)
    FloatTaskTCB                             0x20000f88   Data         200  main.o(.bss)
    FLOAT_TASK_STK                           0x20001050   Data         512  main.o(.bss)
    USART_RX_BUF                             0x20001250   Data         200  usart.o(.bss)
    CPU_Name                                 0x20001318   Data          16  cpu_core.o(.bss)
    OSCfg_IdleTaskStk                        0x20001328   Data         512  os_cfg_app.o(.bss)
    OSCfg_IntQ                               0x20001528   Data         320  os_cfg_app.o(.bss)
    OSCfg_IntQTaskStk                        0x20001668   Data         512  os_cfg_app.o(.bss)
    OSCfg_ISRStk                             0x20001868   Data         512  os_cfg_app.o(.bss)
    OSCfg_MsgPool                            0x20001a68   Data        1600  os_cfg_app.o(.bss)
    OSCfg_StatTaskStk                        0x200020a8   Data         512  os_cfg_app.o(.bss)
    OSCfg_TickTaskStk                        0x200022a8   Data         512  os_cfg_app.o(.bss)
    OSCfg_TickWheel                          0x200024a8   Data         136  os_cfg_app.o(.bss)
    OSCfg_TmrTaskStk                         0x20002530   Data         512  os_cfg_app.o(.bss)
    OSCfg_TmrWheel                           0x20002730   Data         136  os_cfg_app.o(.bss)
    OSIdleTaskTCB                            0x200027b8   Data         200  os_var.o(.bss)
    OSIntQTaskTCB                            0x20002880   Data         200  os_var.o(.bss)
    OSMsgPool                                0x20002948   Data          12  os_var.o(.bss)
    OSRdyList                                0x20002954   Data         384  os_var.o(.bss)
    OSStatTaskTCB                            0x20002ad4   Data         200  os_var.o(.bss)
    OSTickTaskTCB                            0x20002b9c   Data         200  os_var.o(.bss)
    OSTmrTaskTCB                             0x20002c64   Data         200  os_var.o(.bss)
    __libspace_start                         0x20002d2c   Data          96  libspace.o(.bss)
    __temporary_stack_top$libspace           0x20002d8c   Data           0  libspace.o(.bss)



==============================================================================

Memory Map of the image

  Image Entry point : 0x08000131

  Load Region LR_IROM1 (Base: 0x08000000, Size: 0x00006fe0, Max: 0x00080000, ABSOLUTE, COMPRESSED[0x00006ed4])

    Execution Region ER_IROM1 (Base: 0x08000000, Size: 0x00006eb4, Max: 0x00080000, ABSOLUTE)

    Base Addr    Size         Type   Attr      Idx    E Section Name        Object

    0x08000000   0x00000130   Data   RO          331    RESET               startup_stm32f10x_hd.o
    0x08000130   0x00000008   Code   RO         3129  * !!!main             c_w.l(__main.o)
    0x08000138   0x00000034   Code   RO         3368    !!!scatter          c_w.l(__scatter.o)
    0x0800016c   0x0000005a   Code   RO         3366    !!dczerorl2         c_w.l(__dczerorl2.o)
    0x080001c6   0x00000002   PAD
    0x080001c8   0x0000001c   Code   RO         3370    !!handler_zi        c_w.l(__scatter_zi.o)
    0x080001e4   0x00000000   Code   RO         3126    .ARM.Collect$$_printf_percent$$00000000  c_w.l(_printf_percent.o)
    0x080001e4   0x00000006   Code   RO         3125    .ARM.Collect$$_printf_percent$$00000003  c_w.l(_printf_f.o)
    0x080001ea   0x00000004   Code   RO         3152    .ARM.Collect$$_printf_percent$$00000017  c_w.l(_printf_percent_end.o)
    0x080001ee   0x00000002   Code   RO         3244    .ARM.Collect$$libinit$$00000000  c_w.l(libinit.o)
    0x080001f0   0x00000000   Code   RO         3246    .ARM.Collect$$libinit$$00000002  c_w.l(libinit2.o)
    0x080001f0   0x00000000   Code   RO         3248    .ARM.Collect$$libinit$$00000004  c_w.l(libinit2.o)
    0x080001f0   0x00000000   Code   RO         3251    .ARM.Collect$$libinit$$0000000A  c_w.l(libinit2.o)
    0x080001f0   0x00000000   Code   RO         3253    .ARM.Collect$$libinit$$0000000C  c_w.l(libinit2.o)
    0x080001f0   0x00000000   Code   RO         3255    .ARM.Collect$$libinit$$0000000E  c_w.l(libinit2.o)
    0x080001f0   0x00000006   Code   RO         3256    .ARM.Collect$$libinit$$0000000F  c_w.l(libinit2.o)
    0x080001f6   0x00000000   Code   RO         3258    .ARM.Collect$$libinit$$00000011  c_w.l(libinit2.o)
    0x080001f6   0x00000000   Code   RO         3260    .ARM.Collect$$libinit$$00000013  c_w.l(libinit2.o)
    0x080001f6   0x00000000   Code   RO         3262    .ARM.Collect$$libinit$$00000015  c_w.l(libinit2.o)
    0x080001f6   0x0000000a   Code   RO         3263    .ARM.Collect$$libinit$$00000016  c_w.l(libinit2.o)
    0x08000200   0x00000000   Code   RO         3264    .ARM.Collect$$libinit$$00000017  c_w.l(libinit2.o)
    0x08000200   0x00000000   Code   RO         3266    .ARM.Collect$$libinit$$00000019  c_w.l(libinit2.o)
    0x08000200   0x00000000   Code   RO         3268    .ARM.Collect$$libinit$$0000001B  c_w.l(libinit2.o)
    0x08000200   0x00000000   Code   RO         3270    .ARM.Collect$$libinit$$0000001D  c_w.l(libinit2.o)
    0x08000200   0x00000000   Code   RO         3272    .ARM.Collect$$libinit$$0000001F  c_w.l(libinit2.o)
    0x08000200   0x00000000   Code   RO         3274    .ARM.Collect$$libinit$$00000021  c_w.l(libinit2.o)
    0x08000200   0x00000000   Code   RO         3276    .ARM.Collect$$libinit$$00000023  c_w.l(libinit2.o)
    0x08000200   0x00000000   Code   RO         3278    .ARM.Collect$$libinit$$00000025  c_w.l(libinit2.o)
    0x08000200   0x00000000   Code   RO         3282    .ARM.Collect$$libinit$$0000002C  c_w.l(libinit2.o)
    0x08000200   0x00000000   Code   RO         3284    .ARM.Collect$$libinit$$0000002E  c_w.l(libinit2.o)
    0x08000200   0x00000000   Code   RO         3286    .ARM.Collect$$libinit$$00000030  c_w.l(libinit2.o)
    0x08000200   0x00000000   Code   RO         3288    .ARM.Collect$$libinit$$00000032  c_w.l(libinit2.o)
    0x08000200   0x00000002   Code   RO         3289    .ARM.Collect$$libinit$$00000033  c_w.l(libinit2.o)
    0x08000202   0x00000002   Code   RO         3331    .ARM.Collect$$libshutdown$$00000000  c_w.l(libshutdown.o)
    0x08000204   0x00000000   Code   RO         3351    .ARM.Collect$$libshutdown$$00000003  c_w.l(libshutdown2.o)
    0x08000204   0x00000000   Code   RO         3354    .ARM.Collect$$libshutdown$$00000006  c_w.l(libshutdown2.o)
    0x08000204   0x00000000   Code   RO         3357    .ARM.Collect$$libshutdown$$00000009  c_w.l(libshutdown2.o)
    0x08000204   0x00000000   Code   RO         3359    .ARM.Collect$$libshutdown$$0000000B  c_w.l(libshutdown2.o)
    0x08000204   0x00000000   Code   RO         3362    .ARM.Collect$$libshutdown$$0000000E  c_w.l(libshutdown2.o)
    0x08000204   0x00000002   Code   RO         3363    .ARM.Collect$$libshutdown$$0000000F  c_w.l(libshutdown2.o)
    0x08000206   0x00000000   Code   RO         3143    .ARM.Collect$$rtentry$$00000000  c_w.l(__rtentry.o)
    0x08000206   0x00000000   Code   RO         3161    .ARM.Collect$$rtentry$$00000002  c_w.l(__rtentry2.o)
    0x08000206   0x00000006   Code   RO         3173    .ARM.Collect$$rtentry$$00000004  c_w.l(__rtentry4.o)
    0x0800020c   0x00000000   Code   RO         3163    .ARM.Collect$$rtentry$$00000009  c_w.l(__rtentry2.o)
    0x0800020c   0x00000004   Code   RO         3164    .ARM.Collect$$rtentry$$0000000A  c_w.l(__rtentry2.o)
    0x08000210   0x00000000   Code   RO         3166    .ARM.Collect$$rtentry$$0000000C  c_w.l(__rtentry2.o)
    0x08000210   0x00000008   Code   RO         3167    .ARM.Collect$$rtentry$$0000000D  c_w.l(__rtentry2.o)
    0x08000218   0x00000002   Code   RO         3290    .ARM.Collect$$rtexit$$00000000  c_w.l(rtexit.o)
    0x0800021a   0x00000000   Code   RO         3303    .ARM.Collect$$rtexit$$00000002  c_w.l(rtexit2.o)
    0x0800021a   0x00000004   Code   RO         3304    .ARM.Collect$$rtexit$$00000003  c_w.l(rtexit2.o)
    0x0800021e   0x00000006   Code   RO         3305    .ARM.Collect$$rtexit$$00000004  c_w.l(rtexit2.o)
    0x08000224   0x00000040   Code   RO          332    .text               startup_stm32f10x_hd.o
    0x08000264   0x00000034   Code   RO         1828    .text               cpu_a.o
    0x08000298   0x00000002   Code   RO         3095    .text               c_w.l(use_no_semi_2.o)
    0x0800029a   0x00000002   PAD
    0x0800029c   0x00000018   Code   RO         3101    .text               c_w.l(noretval__2printf.o)
    0x080002b4   0x0000010e   Code   RO         3113    .text               c_w.l(__printf_wp.o)
    0x080003c2   0x00000006   Code   RO         3127    .text               c_w.l(heapauxi.o)
    0x080003c8   0x00000002   Code   RO         3141    .text               c_w.l(use_no_semi.o)
    0x080003ca   0x0000041a   Code   RO         3148    .text               c_w.l(_printf_fp_dec.o)
    0x080007e4   0x00000024   Code   RO         3150    .text               c_w.l(_printf_char_file.o)
    0x08000808   0x00000008   Code   RO         3180    .text               c_w.l(rt_locale_intlibspace.o)
    0x08000810   0x0000008a   Code   RO         3182    .text               c_w.l(lludiv10.o)
    0x0800089a   0x00000002   PAD
    0x0800089c   0x00000030   Code   RO         3184    .text               c_w.l(_printf_char_common.o)
    0x080008cc   0x00000080   Code   RO         3186    .text               c_w.l(_printf_fp_infnan.o)
    0x0800094c   0x000000dc   Code   RO         3188    .text               c_w.l(bigflt0.o)
    0x08000a28   0x00000008   Code   RO         3213    .text               c_w.l(ferror.o)
    0x08000a30   0x00000008   Code   RO         3224    .text               c_w.l(libspace.o)
    0x08000a38   0x0000004a   Code   RO         3227    .text               c_w.l(sys_stackheap_outer.o)
    0x08000a82   0x0000000c   Code   RO         3231    .text               c_w.l(exit.o)
    0x08000a8e   0x00000002   PAD
    0x08000a90   0x00000080   Code   RO         3237    .text               c_w.l(strcmpv7m.o)
    0x08000b10   0x0000003e   Code   RO         3191    CL$$btod_d2e        c_w.l(btod.o)
    0x08000b4e   0x00000046   Code   RO         3193    CL$$btod_d2e_denorm_low  c_w.l(btod.o)
    0x08000b94   0x00000060   Code   RO         3192    CL$$btod_d2e_norm_op1  c_w.l(btod.o)
    0x08000bf4   0x00000338   Code   RO         3201    CL$$btod_div_common  c_w.l(btod.o)
    0x08000f2c   0x000000c6   Code   RO         3198    CL$$btod_e2e        c_w.l(btod.o)
    0x08000ff2   0x00000028   Code   RO         3195    CL$$btod_ediv       c_w.l(btod.o)
    0x0800101a   0x00000028   Code   RO         3194    CL$$btod_emul       c_w.l(btod.o)
    0x08001042   0x00000244   Code   RO         3200    CL$$btod_mult_common  c_w.l(btod.o)
    0x08001286   0x00000002   PAD
    0x08001288   0x00000098   Code   RO         1879    CODE                os_cpu_a.o
    0x08001320   0x00000010   Code   RO         1139    i.BSP_CPU_ClkFreq   bsp.o
    0x08001330   0x00000004   Code   RO          207    i.BusFault_Handler  stm32f10x_it.o
    0x08001334   0x00000010   Code   RO         1664    i.CPU_Init          cpu_core.o
    0x08001344   0x00000084   Code   RO         1665    i.CPU_IntDisMeasInit  cpu_core.o
    0x080013c8   0x0000001c   Code   RO         1666    i.CPU_IntDisMeasMaxCalc  cpu_core.o
    0x080013e4   0x0000002c   Code   RO         1667    i.CPU_IntDisMeasMaxCurGet  cpu_core.o
    0x08001410   0x0000002c   Code   RO         1668    i.CPU_IntDisMeasMaxCurReset  cpu_core.o
    0x0800143c   0x0000002c   Code   RO         1669    i.CPU_IntDisMeasMaxGet  cpu_core.o
    0x08001468   0x00000034   Code   RO         1670    i.CPU_IntDisMeasStart  cpu_core.o
    0x0800149c   0x00000054   Code   RO         1671    i.CPU_IntDisMeasStop  cpu_core.o
    0x080014f0   0x00000038   Code   RO         1672    i.CPU_NameClr       cpu_core.o
    0x08001528   0x00000008   Code   RO         1674    i.CPU_NameInit      cpu_core.o
    0x08001530   0x00000014   Code   RO         1678    i.CPU_TS_Init       cpu_core.o
    0x08001544   0x0000000c   Code   RO         1680    i.CPU_TS_TmrFreqSet  cpu_core.o
    0x08001550   0x00000034   Code   RO         1141    i.CPU_TS_TmrInit    bsp.o
    0x08001584   0x0000000c   Code   RO         1142    i.CPU_TS_TmrRd      bsp.o
    0x08001590   0x00000002   Code   RO          208    i.DebugMon_Handler  stm32f10x_it.o
    0x08001592   0x00000116   Code   RO          342    i.GPIO_Init         stm32f10x_gpio.o
    0x080016a8   0x00000004   Code   RO          350    i.GPIO_SetBits      stm32f10x_gpio.o
    0x080016ac   0x00000004   Code   RO          209    i.HardFault_Handler  stm32f10x_it.o
    0x080016b0   0x00000034   Code   RO         1127    i.Led_Init          led.o
    0x080016e4   0x00000004   Code   RO          210    i.MemManage_Handler  stm32f10x_it.o
    0x080016e8   0x00000012   Code   RO         1382    i.Mem_Clr           lib_mem.o
    0x080016fa   0x00000062   Code   RO         1399    i.Mem_Set           lib_mem.o
    0x0800175c   0x00000002   Code   RO          211    i.NMI_Handler       stm32f10x_it.o
    0x0800175e   0x00000002   PAD
    0x08001760   0x00000070   Code   RO          950    i.NVIC_Init         misc.o
    0x080017d0   0x00000014   Code   RO          951    i.NVIC_PriorityGroupConfig  misc.o
    0x080017e4   0x00000002   Code   RO         1960    i.OSCfg_Init        os_cfg_app.o
    0x080017e6   0x00000002   PAD
    0x080017e8   0x00000014   Code   RO         1882    i.OSIdleTaskHook    os_cpu_c.o
    0x080017fc   0x0000018c   Code   RO         1983    i.OSInit            os_core.o
    0x08001988   0x00000038   Code   RO         1883    i.OSInitHook        os_cpu_c.o
    0x080019c0   0x0000002c   Code   RO         1984    i.OSIntEnter        os_core.o
    0x080019ec   0x000000e4   Code   RO         1985    i.OSIntExit         os_core.o
    0x08001ad0   0x000000a8   Code   RO         1986    i.OSSched           os_core.o
    0x08001b78   0x0000007c   Code   RO         1987    i.OSSchedLock       os_core.o
    0x08001bf4   0x0000006c   Code   RO         1988    i.OSSchedRoundRobinCfg  os_core.o
    0x08001c60   0x000000a0   Code   RO         1990    i.OSSchedUnlock     os_core.o
    0x08001d00   0x00000068   Code   RO         1991    i.OSStart           os_core.o
    0x08001d68   0x00000168   Code   RO         2701    i.OSStatReset       os_stat.o
    0x08001ed0   0x00000100   Code   RO         2702    i.OSStatTaskCPUUsageInit  os_stat.o
    0x08001fd0   0x00000014   Code   RO         1884    i.OSStatTaskHook    os_cpu_c.o
    0x08001fe4   0x00000294   Code   RO         2732    i.OSTaskCreate      os_task.o
    0x08002278   0x00000018   Code   RO         1885    i.OSTaskCreateHook  os_cpu_c.o
    0x08002290   0x00000208   Code   RO         2733    i.OSTaskDel         os_task.o
    0x08002498   0x00000018   Code   RO         1886    i.OSTaskDelHook     os_cpu_c.o
    0x080024b0   0x00000088   Code   RO         2741    i.OSTaskResume      os_task.o
    0x08002538   0x00000018   Code   RO         1887    i.OSTaskReturnHook  os_cpu_c.o
    0x08002550   0x00000250   Code   RO         2742    i.OSTaskSemPend     os_task.o
    0x080027a0   0x000000e4   Code   RO         2746    i.OSTaskStkChk      os_task.o
    0x08002884   0x000000c0   Code   RO         1888    i.OSTaskStkInit     os_cpu_c.o
    0x08002944   0x00000060   Code   RO         2747    i.OSTaskSuspend     os_task.o
    0x080029a4   0x000000a4   Code   RO         1889    i.OSTaskSwHook      os_cpu_c.o
    0x08002a48   0x00000150   Code   RO         2947    i.OSTimeDly         os_time.o
    0x08002b98   0x0000022c   Code   RO         2948    i.OSTimeDlyHMSM     os_time.o
    0x08002dc4   0x00000044   Code   RO         2952    i.OSTimeTick        os_time.o
    0x08002e08   0x00000014   Code   RO         1890    i.OSTimeTickHook    os_cpu_c.o
    0x08002e1c   0x000001b4   Code   RO         2229    i.OS_Dbg_Init       os_dbg.o
    0x08002fd0   0x00000018   Code   RO         2254    i.OS_FlagInit       os_flag.o
    0x08002fe8   0x0000027c   Code   RO         2255    i.OS_FlagPost       os_flag.o
    0x08003264   0x00000056   Code   RO         2256    i.OS_FlagTaskRdy    os_flag.o
    0x080032ba   0x00000002   PAD
    0x080032bc   0x0000004c   Code   RO         1993    i.OS_IdleTask       os_core.o
    0x08003308   0x00000070   Code   RO         1994    i.OS_IdleTaskInit   os_core.o
    0x08003378   0x00000104   Code   RO         2328    i.OS_IntQPost       os_int.o
    0x0800347c   0x000001a4   Code   RO         2329    i.OS_IntQRePost     os_int.o
    0x08003620   0x000000c8   Code   RO         2330    i.OS_IntQTask       os_int.o
    0x080036e8   0x00000128   Code   RO         2331    i.OS_IntQTaskInit   os_int.o
    0x08003810   0x00000018   Code   RO         2362    i.OS_MemInit        os_mem.o
    0x08003828   0x0000007c   Code   RO         2394    i.OS_MsgPoolInit    os_msg.o
    0x080038a4   0x00000044   Code   RO         2395    i.OS_MsgQFreeAll    os_msg.o
    0x080038e8   0x0000000e   Code   RO         2397    i.OS_MsgQInit       os_msg.o
    0x080038f6   0x00000002   PAD
    0x080038f8   0x00000104   Code   RO         2398    i.OS_MsgQPut        os_msg.o
    0x080039fc   0x00000018   Code   RO         2438    i.OS_MutexInit      os_mutex.o
    0x08003a14   0x00000068   Code   RO         1995    i.OS_Pend           os_core.o
    0x08003a7c   0x00000026   Code   RO         1998    i.OS_PendDataInit   os_core.o
    0x08003aa2   0x00000002   PAD
    0x08003aa4   0x0000005c   Code   RO         1999    i.OS_PendDbgNameAdd  os_core.o
    0x08003b00   0x00000024   Code   RO         2000    i.OS_PendDbgNameRemove  os_core.o
    0x08003b24   0x00000066   Code   RO         2004    i.OS_PendListInsertPrio  os_core.o
    0x08003b8a   0x00000030   Code   RO         2005    i.OS_PendListRemove  os_core.o
    0x08003bba   0x00000042   Code   RO         2006    i.OS_PendListRemove1  os_core.o
    0x08003bfc   0x000000c0   Code   RO         2009    i.OS_Post           os_core.o
    0x08003cbc   0x0000002a   Code   RO         2010    i.OS_Post1          os_core.o
    0x08003ce6   0x00000002   PAD
    0x08003ce8   0x00000028   Code   RO         2520    i.OS_PrioGetHighest  os_prio.o
    0x08003d10   0x00000018   Code   RO         2521    i.OS_PrioInit       os_prio.o
    0x08003d28   0x00000024   Code   RO         2522    i.OS_PrioInsert     os_prio.o
    0x08003d4c   0x00000024   Code   RO         2523    i.OS_PrioRemove     os_prio.o
    0x08003d70   0x00000018   Code   RO         2566    i.OS_QInit          os_q.o
    0x08003d88   0x00000188   Code   RO         2567    i.OS_QPost          os_q.o
    0x08003f10   0x00000024   Code   RO         2011    i.OS_RdyListInit    os_core.o
    0x08003f34   0x0000002c   Code   RO         2012    i.OS_RdyListInsert  os_core.o
    0x08003f60   0x00000040   Code   RO         2013    i.OS_RdyListInsertHead  os_core.o
    0x08003fa0   0x0000003c   Code   RO         2014    i.OS_RdyListInsertTail  os_core.o
    0x08003fdc   0x00000044   Code   RO         2015    i.OS_RdyListMoveHeadToTail  os_core.o
    0x08004020   0x0000005c   Code   RO         2016    i.OS_RdyListRemove  os_core.o
    0x0800407c   0x0000005c   Code   RO         2017    i.OS_Sched0         os_core.o
    0x080040d8   0x0000001c   Code   RO         2018    i.OS_SchedLockTimeMeasStart  os_core.o
    0x080040f4   0x0000003c   Code   RO         2019    i.OS_SchedLockTimeMeasStop  os_core.o
    0x08004130   0x000000ec   Code   RO         2020    i.OS_SchedRoundRobin  os_core.o
    0x0800421c   0x00000018   Code   RO         2638    i.OS_SemInit        os_sem.o
    0x08004234   0x00000198   Code   RO         2639    i.OS_SemPost        os_sem.o
    0x080043cc   0x000003b8   Code   RO         2703    i.OS_StatTask       os_stat.o
    0x08004784   0x000000cc   Code   RO         2704    i.OS_StatTaskInit   os_stat.o
    0x08004850   0x00000038   Code   RO         2021    i.OS_TaskBlock      os_core.o
    0x08004888   0x00000030   Code   RO         2749    i.OS_TaskDbgListAdd  os_task.o
    0x080048b8   0x00000044   Code   RO         2750    i.OS_TaskDbgListRemove  os_task.o
    0x080048fc   0x00000020   Code   RO         2751    i.OS_TaskInit       os_task.o
    0x0800491c   0x000000d0   Code   RO         2752    i.OS_TaskInitTCB    os_task.o
    0x080049ec   0x0000026c   Code   RO         2753    i.OS_TaskQPost      os_task.o
    0x08004c58   0x0000001c   Code   RO         2022    i.OS_TaskRdy        os_core.o
    0x08004c74   0x0000017c   Code   RO         2754    i.OS_TaskResume     os_task.o
    0x08004df0   0x00000018   Code   RO         2755    i.OS_TaskReturn     os_task.o
    0x08004e08   0x000005a8   Code   RO         2756    i.OS_TaskSemPost    os_task.o
    0x080053b0   0x00000190   Code   RO         2757    i.OS_TaskSuspend    os_task.o
    0x08005540   0x00000028   Code   RO         2899    i.OS_TickListInit   os_tick.o
    0x08005568   0x000001bc   Code   RO         2900    i.OS_TickListInsert  os_tick.o
    0x08005724   0x00000038   Code   RO         2901    i.OS_TickListRemove  os_tick.o
    0x0800575c   0x00000024   Code   RO         2902    i.OS_TickListResetPeak  os_tick.o
    0x08005780   0x00000220   Code   RO         2903    i.OS_TickListUpdate  os_tick.o
    0x080059a0   0x0000002c   Code   RO         2904    i.OS_TickTask       os_tick.o
    0x080059cc   0x000000b8   Code   RO         2905    i.OS_TickTaskInit   os_tick.o
    0x08005a84   0x00000128   Code   RO         2998    i.OS_TmrInit        os_tmr.o
    0x08005bac   0x000000d0   Code   RO         2999    i.OS_TmrLink        os_tmr.o
    0x08005c7c   0x00000024   Code   RO         3000    i.OS_TmrResetPeak   os_tmr.o
    0x08005ca0   0x000000c0   Code   RO         3001    i.OS_TmrTask        os_tmr.o
    0x08005d60   0x00000050   Code   RO         3002    i.OS_TmrUnlink      os_tmr.o
    0x08005db0   0x00000020   Code   RO          454    i.RCC_APB2PeriphClockCmd  stm32f10x_rcc.o
    0x08005dd0   0x000000d4   Code   RO          462    i.RCC_GetClocksFreq  stm32f10x_rcc.o
    0x08005ea4   0x00000002   Code   RO          212    i.SVC_Handler       stm32f10x_it.o
    0x08005ea6   0x00000008   Code   RO          284    i.SetSysClock       system_stm32f10x.o
    0x08005eae   0x00000002   PAD
    0x08005eb0   0x000000e0   Code   RO          285    i.SetSysClockTo72   system_stm32f10x.o
    0x08005f90   0x00000028   Code   RO          954    i.SysTick_CLKSourceConfig  misc.o
    0x08005fb8   0x0000001c   Code   RO          986    i.SysTick_Handler   delay.o
    0x08005fd4   0x00000060   Code   RO          287    i.SystemInit        system_stm32f10x.o
    0x08006034   0x00000090   Code   RO         1064    i.USART1_IRQHandler  usart.o
    0x080060c4   0x00000018   Code   RO          654    i.USART_Cmd         stm32f10x_usart.o
    0x080060dc   0x00000054   Code   RO          658    i.USART_GetITStatus  stm32f10x_usart.o
    0x08006130   0x0000004a   Code   RO          660    i.USART_ITConfig    stm32f10x_usart.o
    0x0800617a   0x00000002   PAD
    0x0800617c   0x000000d8   Code   RO          661    i.USART_Init        stm32f10x_usart.o
    0x08006254   0x0000000a   Code   RO          668    i.USART_ReceiveData  stm32f10x_usart.o
    0x0800625e   0x00000004   Code   RO          213    i.UsageFault_Handler  stm32f10x_it.o
    0x08006262   0x00000028   Code   RO         3222    i.__ARM_fpclassify  m_ws.l(fpclassify.o)
    0x0800628a   0x0000000e   Code   RO         3115    i._is_digit         c_w.l(__printf_wp.o)
    0x08006298   0x00000006   Code   RO         1065    i._sys_exit         usart.o
    0x0800629e   0x00000002   PAD
    0x080062a0   0x00000070   Code   RO          987    i.delay_init        delay.o
    0x08006310   0x00000050   Code   RO          988    i.delay_ms          delay.o
    0x08006360   0x0000000a   Code   RO          989    i.delay_osschedlock  delay.o
    0x0800636a   0x0000000a   Code   RO          990    i.delay_osschedunlock  delay.o
    0x08006374   0x00000010   Code   RO          991    i.delay_ostimedly   delay.o
    0x08006384   0x0000005c   Code   RO          992    i.delay_us          delay.o
    0x080063e0   0x00000104   Code   RO            1    i.float_task        main.o
    0x080064e4   0x0000001c   Code   RO         1066    i.fputc             usart.o
    0x08006500   0x00000044   Code   RO            2    i.led0_task         main.o
    0x08006544   0x00000030   Code   RO            3    i.led1_task         main.o
    0x08006574   0x00000128   Code   RO            4    i.main              main.o
    0x0800669c   0x000001bc   Code   RO            5    i.start_task        main.o
    0x08006858   0x000000a0   Code   RO         1067    i.uart_init         usart.o
    0x080068f8   0x0000002c   Code   RO         3218    locale$$code        c_w.l(lc_numeric_c.o)
    0x08006924   0x0000000c   Code   RO         3153    x$fpl$dretinf       fz_ws.l(dretinf.o)
    0x08006930   0x00000056   Code   RO         3131    x$fpl$f2d           fz_ws.l(f2d.o)
    0x08006986   0x00000002   PAD
    0x08006988   0x000000c4   Code   RO         3133    x$fpl$fadd          fz_ws.l(faddsub_clz.o)
    0x08006a4c   0x0000008c   Code   RO         3155    x$fpl$fnaninf       fz_ws.l(fnaninf.o)
    0x08006ad8   0x0000000a   Code   RO         3157    x$fpl$fretinf       fz_ws.l(fretinf.o)
    0x08006ae2   0x00000002   PAD
    0x08006ae4   0x000000ea   Code   RO         3135    x$fpl$fsub          fz_ws.l(faddsub_clz.o)
    0x08006bce   0x00000004   Code   RO         3139    x$fpl$printf1       fz_ws.l(printf1.o)
    0x08006bd2   0x00000000   Code   RO         3159    x$fpl$usenofp       fz_ws.l(usenofp.o)
    0x08006bd2   0x00000002   PAD
    0x08006bd4   0x000000a4   Data   RO         1962    .constdata          os_cfg_app.o
    0x08006c78   0x0000016c   Data   RO         2230    .constdata          os_dbg.o
    0x08006de4   0x00000094   Data   RO         3189    .constdata          c_w.l(bigflt0.o)
    0x08006e78   0x00000020   Data   RO         3364    Region$$Table       anon$$obj.o
    0x08006e98   0x0000001c   Data   RO         3217    locale$$data        c_w.l(lc_numeric_c.o)


    Execution Region RW_IRAM1 (Base: 0x20000000, Size: 0x00003390, Max: 0x00010000, ABSOLUTE, COMPRESSED[0x00000020])

    Base Addr    Size         Type   Attr      Idx    E Section Name        Object

    0x20000000   0x00000004   Data   RW            7    .data               main.o
    0x20000004   0x00000014   Data   RW          288    .data               system_stm32f10x.o
    0x20000018   0x00000014   Data   RW          482    .data               stm32f10x_rcc.o
    0x2000002c   0x00000004   Data   RW          993    .data               delay.o
    0x20000030   0x00000006   Data   RW         1069    .data               usart.o
    0x20000036   0x00000002   PAD
    0x20000038   0x0000001c   Data   RW         1684    .data               cpu_core.o
    0x20000054   0x00000004   Data   RW         1893    .data               os_cpu_c.o
    0x20000058   0x00000004   Data   RW         2524    .data               os_prio.o
    0x2000005c   0x000000d0   Data   RW         3080    .data               os_var.o
    0x2000012c   0x00000004   PAD
    0x20000130   0x00001120   Zero   RW            6    .bss                main.o
    0x20001250   0x000000c8   Zero   RW         1068    .bss                usart.o
    0x20001318   0x00000010   Zero   RW         1682    .bss                cpu_core.o
    0x20001328   0x00001490   Zero   RW         1961    .bss                os_cfg_app.o
    0x200027b8   0x00000574   Zero   RW         3079    .bss                os_var.o
    0x20002d2c   0x00000060   Zero   RW         3225    .bss                c_w.l(libspace.o)
    0x20002d8c   0x00000004   PAD
    0x20002d90   0x00000200   Zero   RW          330    HEAP                startup_stm32f10x_hd.o
    0x20002f90   0x00000400   Zero   RW          329    STACK               startup_stm32f10x_hd.o


==============================================================================

Image component sizes


      Code (inc. data)   RO Data    RW Data    ZI Data      Debug   Object Name

        80         14          0          0          0       1514   bsp.o
         0          0          0          0          0         32   core_cm3.o
        52          0          0          0          0        344   cpu_a.o
       540         98          0         28         16      16349   cpu_core.o
       348         44          0          4          0       3821   delay.o
        52          6          0          0          0        483   led.o
       116          0          0          0          0       1868   lib_mem.o
      1116        176          0          4       4384     277526   main.o
       172         22          0          0          0       2057   misc.o
         2          0        164          0       5264      20958   os_cfg_app.o
      3104        424          0          0          0      20184   os_core.o
       152         32          0          0          0        400   os_cpu_a.o
       544         60          0          4          0       6860   os_cpu_c.o
       436        286        364          0          0       4793   os_dbg.o
       746         28          0          0          0       3005   os_flag.o
      1176        204          0          0          0       3394   os_int.o
        24         10          0          0          0        865   os_mem.o
       466         26          0          0          0       3169   os_msg.o
        24         10          0          0          0        867   os_mutex.o
       136         16          0          4          0       2802   os_prio.o
       416         20          0          0          0       2150   os_q.o
       432         14          0          0          0       2174   os_sem.o
      1772        214          0          0          0       3991   os_stat.o
      5460        260          0          0          0      13436   os_task.o
      1348        124          0          0          0       5365   os_tick.o
       960         46          0          0          0       3021   os_time.o
       812        134          0          0          0       4076   os_tmr.o
         0          0          0        208       1396      19489   os_var.o
        64         26        304          0       1536        800   startup_stm32f10x_hd.o
       282          0          0          0          0       2487   stm32f10x_gpio.o
        22          0          0          0          0       2895   stm32f10x_it.o
       244         26          0         20          0       3861   stm32f10x_rcc.o
       408          6          0          0          0       4950   stm32f10x_usart.o
       328         28          0         20          0       2085   system_stm32f10x.o
       338         26          0          6        200       4148   usart.o

    ----------------------------------------------------------------------
     22190       2380        864        300      12800     446219   Object Totals
         0          0         32          0          0          0   (incl. Generated)
        18          0          0          2          4          0   (incl. Padding)

    ----------------------------------------------------------------------

      Code (inc. data)   RO Data    RW Data    ZI Data      Debug   Library Member Name

        90          0          0          0          0          0   __dczerorl2.o
         8          0          0          0          0         68   __main.o
       284          0          0          0          0        156   __printf_wp.o
         0          0          0          0          0          0   __rtentry.o
        12          0          0          0          0          0   __rtentry2.o
         6          0          0          0          0          0   __rtentry4.o
        52          8          0          0          0          0   __scatter.o
        28          0          0          0          0          0   __scatter_zi.o
        48          6          0          0          0         96   _printf_char_common.o
        36          4          0          0          0         80   _printf_char_file.o
         6          0          0          0          0          0   _printf_f.o
      1050          0          0          0          0        216   _printf_fp_dec.o
       128         16          0          0          0         84   _printf_fp_infnan.o
         0          0          0          0          0          0   _printf_percent.o
         4          0          0          0          0          0   _printf_percent_end.o
       220          4        148          0          0         96   bigflt0.o
      1910        128          0          0          0        672   btod.o
        12          0          0          0          0         72   exit.o
         8          0          0          0          0         68   ferror.o
         6          0          0          0          0        152   heapauxi.o
        44         10         28          0          0         76   lc_numeric_c.o
         2          0          0          0          0          0   libinit.o
        18          0          0          0          0          0   libinit2.o
         2          0          0          0          0          0   libshutdown.o
         2          0          0          0          0          0   libshutdown2.o
         8          4          0          0         96         68   libspace.o
       138          0          0          0          0         80   lludiv10.o
        24          4          0          0          0         84   noretval__2printf.o
         8          4          0          0          0         68   rt_locale_intlibspace.o
         2          0          0          0          0          0   rtexit.o
        10          0          0          0          0          0   rtexit2.o
       128          0          0          0          0         68   strcmpv7m.o
        74          0          0          0          0         80   sys_stackheap_outer.o
         2          0          0          0          0         68   use_no_semi.o
         2          0          0          0          0         68   use_no_semi_2.o
        12          0          0          0          0         68   dretinf.o
        86          4          0          0          0         84   f2d.o
       430          8          0          0          0        168   faddsub_clz.o
       140          4          0          0          0         84   fnaninf.o
        10          0          0          0          0         68   fretinf.o
         4          0          0          0          0         68   printf1.o
         0          0          0          0          0          0   usenofp.o
        40          0          0          0          0         68   fpclassify.o

    ----------------------------------------------------------------------
      5110        204        176          0        100       3028   Library Totals
        16          0          0          0          4          0   (incl. Padding)

    ----------------------------------------------------------------------

      Code (inc. data)   RO Data    RW Data    ZI Data      Debug   Library Name

      4372        188        176          0         96       2420   c_w.l
       682         16          0          0          0        540   fz_ws.l
        40          0          0          0          0         68   m_ws.l

    ----------------------------------------------------------------------
      5110        204        176          0        100       3028   Library Totals

    ----------------------------------------------------------------------

==============================================================================


      Code (inc. data)   RO Data    RW Data    ZI Data      Debug   

     27300       2584       1040        300      12900     439779   Grand Totals
     27300       2584       1040         32      12900     439779   ELF Image Totals (compressed)
     27300       2584       1040         32          0          0   ROM Totals

==============================================================================

    Total RO  Size (Code + RO Data)                28340 (  27.68kB)
    Total RW  Size (RW Data + ZI Data)             13200 (  12.89kB)
    Total ROM Size (Code + RO Data + RW Data)      28372 (  27.71kB)

==============================================================================

